Component: ARM Compiler 5.06 update 6 (build 750) Tool: armlink [4d35ed]

==============================================================================

Section Cross References

    startup_stm32f427xx.o(STACK) refers (Special) to heapauxi.o(.text) for __use_two_region_memory
    startup_stm32f427xx.o(HEAP) refers (Special) to heapauxi.o(.text) for __use_two_region_memory
    startup_stm32f427xx.o(RESET) refers (Special) to heapauxi.o(.text) for __use_two_region_memory
    startup_stm32f427xx.o(RESET) refers to startup_stm32f427xx.o(STACK) for __initial_sp
    startup_stm32f427xx.o(RESET) refers to startup_stm32f427xx.o(.text) for Reset_Handler
    startup_stm32f427xx.o(RESET) refers to stm32f4xx_it.o(i.NMI_Handler) for NMI_Handler
    startup_stm32f427xx.o(RESET) refers to stm32f4xx_it.o(i.HardFault_Handler) for HardFault_Handler
    startup_stm32f427xx.o(RESET) refers to stm32f4xx_it.o(i.MemManage_Handler) for MemManage_Handler
    startup_stm32f427xx.o(RESET) refers to stm32f4xx_it.o(i.BusFault_Handler) for BusFault_Handler
    startup_stm32f427xx.o(RESET) refers to stm32f4xx_it.o(i.UsageFault_Handler) for UsageFault_Handler
    startup_stm32f427xx.o(RESET) refers to stm32f4xx_it.o(i.DebugMon_Handler) for DebugMon_Handler
    startup_stm32f427xx.o(RESET) refers to delay.o(i.SysTick_Handler) for SysTick_Handler
    startup_stm32f427xx.o(RESET) refers to exit_init.o(i.EXTI0_IRQHandler) for EXTI0_IRQHandler
    startup_stm32f427xx.o(RESET) refers to exit_init.o(i.EXTI1_IRQHandler) for EXTI1_IRQHandler
    startup_stm32f427xx.o(RESET) refers to can_receive.o(i.CAN1_RX0_IRQHandler) for CAN1_RX0_IRQHandler
    startup_stm32f427xx.o(RESET) refers to ins_task.o(i.EXTI9_5_IRQHandler) for EXTI9_5_IRQHandler
    startup_stm32f427xx.o(RESET) refers to remote_control.o(i.USART1_IRQHandler) for USART1_IRQHandler
    startup_stm32f427xx.o(RESET) refers to can_receive.o(i.TIM6_DAC_IRQHandler) for TIM6_DAC_IRQHandler
    startup_stm32f427xx.o(RESET) refers to can_receive.o(i.CAN2_RX0_IRQHandler) for CAN2_RX0_IRQHandler
    startup_stm32f427xx.o(RESET) refers to ins_task.o(i.DMA2_Stream5_IRQHandler) for DMA2_Stream5_IRQHandler
    startup_stm32f427xx.o(RESET) refers to referee_usart_task.o(i.USART6_IRQHandler) for USART6_IRQHandler
    startup_stm32f427xx.o(RESET) refers to uart8.o(i.UART8_IRQHandler) for UART8_IRQHandler
    startup_stm32f427xx.o(.text) refers (Special) to heapauxi.o(.text) for __use_two_region_memory
    startup_stm32f427xx.o(.text) refers to system_stm32f4xx.o(i.SystemInit) for SystemInit
    startup_stm32f427xx.o(.text) refers to __main.o(!!!main) for __main
    startup_stm32f427xx.o(.text) refers to startup_stm32f427xx.o(HEAP) for Heap_Mem
    startup_stm32f427xx.o(.text) refers to startup_stm32f427xx.o(STACK) for Stack_Mem
    system_stm32f4xx.o(i.SystemCoreClockUpdate) refers to system_stm32f4xx.o(.data) for SystemCoreClock
    system_stm32f4xx.o(i.SystemInit) refers to system_stm32f4xx.o(i.SetSysClock) for SetSysClock
    stm32f4xx_adc.o(i.ADC_DeInit) refers to stm32f4xx_rcc.o(i.RCC_APB2PeriphResetCmd) for RCC_APB2PeriphResetCmd
    stm32f4xx_can.o(i.CAN_DeInit) refers to stm32f4xx_rcc.o(i.RCC_APB1PeriphResetCmd) for RCC_APB1PeriphResetCmd
    stm32f4xx_can.o(i.CAN_GetITStatus) refers to stm32f4xx_can.o(i.CheckITStatus) for CheckITStatus
    stm32f4xx_cryp.o(i.CRYP_DeInit) refers to stm32f4xx_rcc.o(i.RCC_AHB2PeriphResetCmd) for RCC_AHB2PeriphResetCmd
    stm32f4xx_cryp_aes.o(i.CRYP_AES_CBC) refers to stm32f4xx_cryp.o(i.CRYP_KeyStructInit) for CRYP_KeyStructInit
    stm32f4xx_cryp_aes.o(i.CRYP_AES_CBC) refers to stm32f4xx_cryp.o(i.CRYP_FIFOFlush) for CRYP_FIFOFlush
    stm32f4xx_cryp_aes.o(i.CRYP_AES_CBC) refers to stm32f4xx_cryp.o(i.CRYP_Init) for CRYP_Init
    stm32f4xx_cryp_aes.o(i.CRYP_AES_CBC) refers to stm32f4xx_cryp.o(i.CRYP_KeyInit) for CRYP_KeyInit
    stm32f4xx_cryp_aes.o(i.CRYP_AES_CBC) refers to stm32f4xx_cryp.o(i.CRYP_Cmd) for CRYP_Cmd
    stm32f4xx_cryp_aes.o(i.CRYP_AES_CBC) refers to stm32f4xx_cryp.o(i.CRYP_GetFlagStatus) for CRYP_GetFlagStatus
    stm32f4xx_cryp_aes.o(i.CRYP_AES_CBC) refers to stm32f4xx_cryp.o(i.CRYP_IVInit) for CRYP_IVInit
    stm32f4xx_cryp_aes.o(i.CRYP_AES_CBC) refers to stm32f4xx_cryp.o(i.CRYP_GetCmdStatus) for CRYP_GetCmdStatus
    stm32f4xx_cryp_aes.o(i.CRYP_AES_CBC) refers to stm32f4xx_cryp.o(i.CRYP_DataIn) for CRYP_DataIn
    stm32f4xx_cryp_aes.o(i.CRYP_AES_CBC) refers to stm32f4xx_cryp.o(i.CRYP_DataOut) for CRYP_DataOut
    stm32f4xx_cryp_aes.o(i.CRYP_AES_CCM) refers to stm32f4xx_cryp.o(i.CRYP_KeyStructInit) for CRYP_KeyStructInit
    stm32f4xx_cryp_aes.o(i.CRYP_AES_CCM) refers to stm32f4xx_cryp.o(i.CRYP_FIFOFlush) for CRYP_FIFOFlush
    stm32f4xx_cryp_aes.o(i.CRYP_AES_CCM) refers to stm32f4xx_cryp.o(i.CRYP_KeyInit) for CRYP_KeyInit
    stm32f4xx_cryp_aes.o(i.CRYP_AES_CCM) refers to stm32f4xx_cryp.o(i.CRYP_IVInit) for CRYP_IVInit
    stm32f4xx_cryp_aes.o(i.CRYP_AES_CCM) refers to stm32f4xx_cryp.o(i.CRYP_Init) for CRYP_Init
[...]
    __rt_lib_shutdown_heap_1                 0x0800026b   Thumb Code     0  libshutdown2.o(.ARM.Collect$$libshutdown$$0000000F)
    __rt_lib_shutdown_return                 0x0800026b   Thumb Code     0  libshutdown2.o(.ARM.Collect$$libshutdown$$00000010)
    __rt_lib_shutdown_signal_1               0x0800026b   Thumb Code     0  libshutdown2.o(.ARM.Collect$$libshutdown$$0000000A)
    __rt_lib_shutdown_stdio_1                0x0800026b   Thumb Code     0  libshutdown2.o(.ARM.Collect$$libshutdown$$00000004)
    __rt_lib_shutdown_user_alloc_1           0x0800026b   Thumb Code     0  libshutdown2.o(.ARM.Collect$$libshutdown$$0000000C)
    __rt_entry                               0x0800026d   Thumb Code     0  __rtentry.o(.ARM.Collect$$rtentry$$00000000)
    __rt_entry_presh_1                       0x0800026d   Thumb Code     0  __rtentry2.o(.ARM.Collect$$rtentry$$00000002)
    __rt_entry_sh                            0x0800026d   Thumb Code     0  __rtentry4.o(.ARM.Collect$$rtentry$$00000004)
    __rt_entry_li                            0x08000273   Thumb Code     0  __rtentry2.o(.ARM.Collect$$rtentry$$0000000A)
    __rt_entry_postsh_1                      0x08000273   Thumb Code     0  __rtentry2.o(.ARM.Collect$$rtentry$$00000009)
    __rt_entry_main                          0x08000277   Thumb Code     0  __rtentry2.o(.ARM.Collect$$rtentry$$0000000D)
    __rt_entry_postli_1                      0x08000277   Thumb Code     0  __rtentry2.o(.ARM.Collect$$rtentry$$0000000C)
    __rt_exit                                0x0800027f   Thumb Code     0  rtexit.o(.ARM.Collect$$rtexit$$00000000)
    __rt_exit_ls                             0x08000281   Thumb Code     0  rtexit2.o(.ARM.Collect$$rtexit$$00000003)
    __rt_exit_prels_1                        0x08000281   Thumb Code     0  rtexit2.o(.ARM.Collect$$rtexit$$00000002)
    __rt_exit_exit                           0x08000285   Thumb Code     0  rtexit2.o(.ARM.Collect$$rtexit$$00000004)
    Reset_Handler                            0x0800028d   Thumb Code    18  startup_stm32f427xx.o(.text)
    SVC_Handler                              0x080002a9   Thumb Code     2  startup_stm32f427xx.o(.text)
    PendSV_Handler                           0x080002ad   Thumb Code     2  startup_stm32f427xx.o(.text)
    ADC_IRQHandler                           0x080002b1   Thumb Code     0  startup_stm32f427xx.o(.text)
    CAN1_RX1_IRQHandler                      0x080002b1   Thumb Code     0  startup_stm32f427xx.o(.text)
    CAN1_SCE_IRQHandler                      0x080002b1   Thumb Code     0  startup_stm32f427xx.o(.text)
    CAN1_TX_IRQHandler                       0x080002b1   Thumb Code     0  startup_stm32f427xx.o(.text)
    CAN2_RX1_IRQHandler                      0x080002b1   Thumb Code     0  startup_stm32f427xx.o(.text)
    CAN2_SCE_IRQHandler                      0x080002b1   Thumb Code     0  startup_stm32f427xx.o(.text)
    CAN2_TX_IRQHandler                       0x080002b1   Thumb Code     0  startup_stm32f427xx.o(.text)
    DCMI_IRQHandler                          0x080002b1   Thumb Code     0  startup_stm32f427xx.o(.text)
    DMA1_Stream0_IRQHandler                  0x080002b1   Thumb Code     0  startup_stm32f427xx.o(.text)
    DMA1_Stream1_IRQHandler                  0x080002b1   Thumb Code     0  startup_stm32f427xx.o(.text)
    DMA1_Stream2_IRQHandler                  0x080002b1   Thumb Code     0  startup_stm32f427xx.o(.text)
    DMA1_Stream3_IRQHandler                  0x080002b1   Thumb Code     0  startup_stm32f427xx.o(.text)
    DMA1_Stream4_IRQHandler                  0x080002b1   Thumb Code     0  startup_stm32f427xx.o(.text)
    DMA1_Stream5_IRQHandler                  0x080002b1   Thumb Code     0  startup_stm32f427xx.o(.text)
    DMA1_Stream6_IRQHandler                  0x080002b1   Thumb Code     0  startup_stm32f427xx.o(.text)
    DMA1_Stream7_IRQHandler                  0x080002b1   Thumb Code     0  startup_stm32f427xx.o(.text)
    DMA2D_IRQHandler                         0x080002b1   Thumb Code     0  startup_stm32f427xx.o(.text)
    DMA2_Stream0_IRQHandler                  0x080002b1   Thumb Code     0  startup_stm32f427xx.o(.text)
    DMA2_Stream1_IRQHandler                  0x080002b1   Thumb Code     0  startup_stm32f427xx.o(.text)
    DMA2_Stream2_IRQHandler                  0x080002b1   Thumb Code     0  startup_stm32f427xx.o(.text)
    DMA2_Stream3_IRQHandler                  0x080002b1   Thumb Code     0  startup_stm32f427xx.o(.text)
    DMA2_Stream4_IRQHandler                  0x080002b1   Thumb Code     0  startup_stm32f427xx.o(.text)
    DMA2_Stream6_IRQHandler                  0x080002b1   Thumb Code     0  startup_stm32f427xx.o(.text)
    DMA2_Stream7_IRQHandler                  0x080002b1   Thumb Code     0  startup_stm32f427xx.o(.text)
    ETH_IRQHandler                           0x080002b1   Thumb Code     0  startup_stm32f427xx.o(.text)
    ETH_WKUP_IRQHandler                      0x080002b1   Thumb Code     0  startup_stm32f427xx.o(.text)
    EXTI15_10_IRQHandler                     0x080002b1   Thumb Code     0  startup_stm32f427xx.o(.text)
    EXTI2_IRQHandler                         0x080002b1   Thumb Code     0  startup_stm32f427xx.o(.text)
    EXTI3_IRQHandler                         0x080002b1   Thumb Code     0  startup_stm32f427xx.o(.text)
    EXTI4_IRQHandler                         0x080002b1   Thumb Code     0  startup_stm32f427xx.o(.text)
    FLASH_IRQHandler                         0x080002b1   Thumb Code     0  startup_stm32f427xx.o(.text)
    FMC_IRQHandler                           0x080002b1   Thumb Code     0  startup_stm32f427xx.o(.text)
    FPU_IRQHandler                           0x080002b1   Thumb Code     0  startup_stm32f427xx.o(.text)
    HASH_RNG_IRQHandler                      0x080002b1   Thumb Code     0  startup_stm32f427xx.o(.text)
    I2C1_ER_IRQHandler                       0x080002b1   Thumb Code     0  startup_stm32f427xx.o(.text)
    I2C1_EV_IRQHandler                       0x080002b1   Thumb Code     0  startup_stm32f427xx.o(.text)
    I2C2_ER_IRQHandler                       0x080002b1   Thumb Code     0  startup_stm32f427xx.o(.text)
    I2C2_EV_IRQHandler                       0x080002b1   Thumb Code     0  startup_stm32f427xx.o(.text)
    I2C3_ER_IRQHandler                       0x080002b1   Thumb Code     0  startup_stm32f427xx.o(.text)
    I2C3_EV_IRQHandler                       0x080002b1   Thumb Code     0  startup_stm32f427xx.o(.text)
    OTG_FS_IRQHandler                        0x080002b1   Thumb Code     0  startup_stm32f427xx.o(.text)
    OTG_FS_WKUP_IRQHandler                   0x080002b1   Thumb Code     0  startup_stm32f427xx.o(.text)
    OTG_HS_EP1_IN_IRQHandler                 0x080002b1   Thumb Code     0  startup_stm32f427xx.o(.text)
    OTG_HS_EP1_OUT_IRQHandler                0x080002b1   Thumb Code     0  startup_stm32f427xx.o(.text)
    OTG_HS_IRQHandler                        0x080002b1   Thumb Code     0  startup_stm32f427xx.o(.text)
    OTG_HS_WKUP_IRQHandler                   0x080002b1   Thumb Code     0  startup_stm32f427xx.o(.text)
    PVD_IRQHandler                           0x080002b1   Thumb Code     0  startup_stm32f427xx.o(.text)
    RCC_IRQHandler                           0x080002b1   Thumb Code     0  startup_stm32f427xx.o(.text)
    RTC_Alarm_IRQHandler                     0x080002b1   Thumb Code     0  startup_stm32f427xx.o(.text)
    RTC_WKUP_IRQHandler                      0x080002b1   Thumb Code     0  startup_stm32f427xx.o(.text)
    SAI1_IRQHandler                          0x080002b1   Thumb Code     0  startup_stm32f427xx.o(.text)
    SDIO_IRQHandler                          0x080002b1   Thumb Code     0  startup_stm32f427xx.o(.text)
    SPI1_IRQHandler                          0x080002b1   Thumb Code     0  startup_stm32f427xx.o(.text)
    SPI2_IRQHandler                          0x080002b1   Thumb Code     0  startup_stm32f427xx.o(.text)
    SPI3_IRQHandler                          0x080002b1   Thumb Code     0  startup_stm32f427xx.o(.text)
    SPI4_IRQHandler                          0x080002b1   Thumb Code     0  startup_stm32f427xx.o(.text)
    SPI5_IRQHandler                          0x080002b1   Thumb Code     0  startup_stm32f427xx.o(.text)
    SPI6_IRQHandler                          0x080002b1   Thumb Code     0  startup_stm32f427xx.o(.text)
    TAMP_STAMP_IRQHandler                    0x080002b1   Thumb Code     0  startup_stm32f427xx.o(.text)
    TIM1_BRK_TIM9_IRQHandler                 0x080002b1   Thumb Code     0  startup_stm32f427xx.o(.text)
    TIM1_CC_IRQHandler                       0x080002b1   Thumb Code     0  startup_stm32f427xx.o(.text)
    TIM1_TRG_COM_TIM11_IRQHandler            0x080002b1   Thumb Code     0  startup_stm32f427xx.o(.text)
    TIM1_UP_TIM10_IRQHandler                 0x080002b1   Thumb Code     0  startup_stm32f427xx.o(.text)
    TIM2_IRQHandler                          0x080002b1   Thumb Code     0  startup_stm32f427xx.o(.text)
    TIM3_IRQHandler                          0x080002b1   Thumb Code     0  startup_stm32f427xx.o(.text)
    TIM4_IRQHandler                          0x080002b1   Thumb Code     0  startup_stm32f427xx.o(.text)
    TIM5_IRQHandler                          0x080002b1   Thumb Code     0  startup_stm32f427xx.o(.text)
    TIM7_IRQHandler                          0x080002b1   Thumb Code     0  startup_stm32f427xx.o(.text)
    TIM8_BRK_TIM12_IRQHandler                0x080002b1   Thumb Code     0  startup_stm32f427xx.o(.text)
    TIM8_CC_IRQHandler                       0x080002b1   Thumb Code     0  startup_stm32f427xx.o(.text)
    TIM8_TRG_COM_TIM14_IRQHandler            0x080002b1   Thumb Code     0  startup_stm32f427xx.o(.text)
    TIM8_UP_TIM13_IRQHandler                 0x080002b1   Thumb Code     0  startup_stm32f427xx.o(.text)
    UART4_IRQHandler                         0x080002b1   Thumb Code     0  startup_stm32f427xx.o(.text)
    UART5_IRQHandler                         0x080002b1   Thumb Code     0  startup_stm32f427xx.o(.text)
    UART7_IRQHandler                         0x080002b1   Thumb Code     0  startup_stm32f427xx.o(.text)
    USART2_IRQHandler                        0x080002b1   Thumb Code     0  startup_stm32f427xx.o(.text)
    USART3_IRQHandler                        0x080002b1   Thumb Code     0  startup_stm32f427xx.o(.text)
    WWDG_IRQHandler                          0x080002b1   Thumb Code     0  startup_stm32f427xx.o(.text)
    __user_initial_stackheap                 0x080002b5   Thumb Code     0  startup_stm32f427xx.o(.text)
    arm_cos_f32                              0x080002d9   Thumb Code   108  arm_cos_f32.o(.text)
    arm_sin_f32                              0x08000351   Thumb Code   104  arm_sin_f32.o(.text)
    __aeabi_memcpy                           0x080003c5   Thumb Code     0  rt_memcpy_v6.o(.text)
    __rt_memcpy                              0x080003c5   Thumb Code   138  rt_memcpy_v6.o(.text)
    _memcpy_lastbytes                        0x0800042b   Thumb Code     0  rt_memcpy_v6.o(.text)
    __aeabi_memcpy4                          0x0800044f   Thumb Code     0  rt_memcpy_w.o(.text)
    __aeabi_memcpy8                          0x0800044f   Thumb Code     0  rt_memcpy_w.o(.text)
    __rt_memcpy_w                            0x0800044f   Thumb Code   100  rt_memcpy_w.o(.text)
    _memcpy_lastbytes_aligned                0x08000497   Thumb Code     0  rt_memcpy_w.o(.text)
    __aeabi_memclr                           0x080004b3   Thumb Code     0  rt_memclr.o(.text)
    __rt_memclr                              0x080004b3   Thumb Code    68  rt_memclr.o(.text)
    _memset                                  0x080004b7   Thumb Code     0  rt_memclr.o(.text)
    __aeabi_memclr4                          0x080004f7   Thumb Code     0  rt_memclr_w.o(.text)
    __aeabi_memclr8                          0x080004f7   Thumb Code     0  rt_memclr_w.o(.text)
    __rt_memclr_w                            0x080004f7   Thumb Code    78  rt_memclr_w.o(.text)
    _memset_w                                0x080004fb   Thumb Code     0  rt_memclr_w.o(.text)
    __use_two_region_memory                  0x08000545   Thumb Code     2  heapauxi.o(.text)
    __rt_heap_escrow                         0x08000547   Thumb Code     2  heapauxi.o(.text)
    __rt_heap_expand                         0x08000549   Thumb Code     2  heapauxi.o(.text)
    __user_libspace                          0x0800054d   Thumb Code     8  libspace.o(.text)
    __user_perproc_libspace                  0x0800054d   Thumb Code     0  libspace.o(.text)
    __user_perthread_libspace                0x0800054d   Thumb Code     0  libspace.o(.text)
    _fp_trap                                 0x08000555   Thumb Code    44  _fptrap.o(.text)
    __I$use$semihosting                      0x08000585   Thumb Code     0  use_no_semi.o(.text)
    __use_no_semihosting_swi                 0x08000585   Thumb Code     2  use_no_semi.o(.text)
    __semihosting_library_function           0x08000587   Thumb Code     0  indicate_semi.o(.text)
    __user_setup_stackheap                   0x08000587   Thumb Code    74  sys_stackheap_outer.o(.text)
    exit                                     0x080005d1   Thumb Code    18  exit.o(.text)
    __sig_exit                               0x080005e3   Thumb Code    10  defsig_exit.o(.text)
    __rt_SIGFPE                              0x080005ed   Thumb Code    14  defsig_fpe_outer.o(.text)
    _sys_exit                                0x080005fd   Thumb Code     8  sys_exit.o(.text)
    __default_signal_display                 0x08000609   Thumb Code    50  defsig_general.o(.text)
    __rt_SIGFPE_inner                        0x0800063d   Thumb Code    62  defsig_fpe_inner.o(.text)
    _ttywrch                                 0x080006e9   Thumb Code    14  sys_wrch.o(.text)
    ANO_DT_Init                              0x080006f9   Thumb Code   166  lx_imu.o(i.ANO_DT_Init)
    ANO_DT_LX_Data_Receive_Prepare           0x080008dd   Thumb Code   258  lx_imu.o(i.ANO_DT_LX_Data_Receive_Prepare)
    BSPInit_CompleteBeep                     0x080009f5   Thumb Code    22  buzzer.o(i.BSPInit_CompleteBeep)
    BSP_init                                 0x08000a0d   Thumb Code   142  main.o(i.BSP_init)
    BusFault_Handler                         0x08000aa1   Thumb Code     4  stm32f4xx_it.o(i.BusFault_Handler)
    CAN1_RX0_IRQHandler                      0x08000aa5   Thumb Code    38  can_receive.o(i.CAN1_RX0_IRQHandler)
    CAN1_mode_init                           0x08000ad5   Thumb Code   264  can.o(i.CAN1_mode_init)
    CAN2_RX0_IRQHandler                      0x08000be5   Thumb Code    38  can_receive.o(i.CAN2_RX0_IRQHandler)
    CAN_CMD_CHASSIS                          0x08000c15   Thumb Code    94  can_receive.o(i.CAN_CMD_CHASSIS)
    CAN_CMD_GIMBAL                           0x08000c79   Thumb Code    68  can_receive.o(i.CAN_CMD_GIMBAL)
    CAN_ClearITPendingBit                    0x08000cc5   Thumb Code   162  stm32f4xx_can.o(i.CAN_ClearITPendingBit)
    CAN_FilterInit                           0x08000d6d   Thumb Code   258  stm32f4xx_can.o(i.CAN_FilterInit)
    CAN_GetITStatus                          0x08000e75   Thumb Code   284  stm32f4xx_can.o(i.CAN_GetITStatus)
    CAN_ITConfig                             0x08000f95   Thumb Code    18  stm32f4xx_can.o(i.CAN_ITConfig)
    CAN_Init                                 0x08000fa7   Thumb Code   276  stm32f4xx_can.o(i.CAN_Init)
    CAN_Receive                              0x080010bb   Thumb Code   240  stm32f4xx_can.o(i.CAN_Receive)
    CAN_Transmit                             0x080011ab   Thumb Code   294  stm32f4xx_can.o(i.CAN_Transmit)
    DMA2_Stream5_IRQHandler                  0x08001481   Thumb Code    26  ins_task.o(i.DMA2_Stream5_IRQHandler)
    DMA_ClearFlag                            0x080014a5   Thumb Code    38  stm32f4xx_dma.o(i.DMA_ClearFlag)
    DMA_Cmd                                  0x080014d9   Thumb Code    22  stm32f4xx_dma.o(i.DMA_Cmd)
    DMA_DeInit                               0x080014f1   Thumb Code   324  stm32f4xx_dma.o(i.DMA_DeInit)
    DMA_DoubleBufferModeCmd                  0x08001649   Thumb Code    22  stm32f4xx_dma.o(i.DMA_DoubleBufferModeCmd)
    DMA_DoubleBufferModeConfig               0x0800165f   Thumb Code    24  stm32f4xx_dma.o(i.DMA_DoubleBufferModeConfig)
    DMA_GetCmdStatus                         0x08001677   Thumb Code    20  stm32f4xx_dma.o(i.DMA_GetCmdStatus)
    DMA_GetCurrDataCounter                   0x0800168b   Thumb Code     8  stm32f4xx_dma.o(i.DMA_GetCurrDataCounter)
    DMA_GetCurrentMemoryTarget               0x08001693   Thumb Code    20  stm32f4xx_dma.o(i.DMA_GetCurrentMemoryTarget)
    DMA_GetFlagStatus                        0x080016a9   Thumb Code    54  stm32f4xx_dma.o(i.DMA_GetFlagStatus)
    DMA_Init                                 0x080016ed   Thumb Code    82  stm32f4xx_dma.o(i.DMA_Init)
    DMA_SetCurrDataCounter                   0x08001745   Thumb Code     4  stm32f4xx_dma.o(i.DMA_SetCurrDataCounter)
    DebugMon_Handler                         0x08001749   Thumb Code     2  stm32f4xx_it.o(i.DebugMon_Handler)
    DetectHook                               0x0800174d   Thumb Code   286  detect_task.o(i.DetectHook)
    EXTI0_IRQHandler                         0x08001875   Thumb Code    22  exit_init.o(i.EXTI0_IRQHandler)
    EXTI1_IRQHandler                         0x0800188b   Thumb Code    22  exit_init.o(i.EXTI1_IRQHandler)
    EXTI9_5_IRQHandler                       0x080018a1   Thumb Code    32  ins_task.o(i.EXTI9_5_IRQHandler)
    EXTI_ClearITPendingBit                   0x080018c1   Thumb Code     6  stm32f4xx_exti.o(i.EXTI_ClearITPendingBit)
    EXTI_GetITStatus                         0x080018cd   Thumb Code    20  stm32f4xx_exti.o(i.EXTI_GetITStatus)
    EXTI_Init                                0x080018e5   Thumb Code   142  stm32f4xx_exti.o(i.EXTI_Init)
    GIMBAL_Setup                             0x08001e71   Thumb Code    10  gimbal_task.o(i.GIMBAL_Setup)
    GIMBAL_task                              0x08001fc5   Thumb Code    86  gimbal_task.o(i.GIMBAL_task)
    GPIOF_Exti0_GPIO_Init                    0x08002031   Thumb Code   126  exit_init.o(i.GPIOF_Exti0_GPIO_Init)
    GPIOF_Exti1_GPIO_Init                    0x080020b5   Thumb Code   126  exit_init.o(i.GPIOF_Exti1_GPIO_Init)
    GPIO_Init                                0x08002139   Thumb Code   144  stm32f4xx_gpio.o(i.GPIO_Init)
    GPIO_PinAFConfig                         0x080021c9   Thumb Code    70  stm32f4xx_gpio.o(i.GPIO_PinAFConfig)
    GPIO_ResetBits                           0x0800220f   Thumb Code     4  stm32f4xx_gpio.o(i.GPIO_ResetBits)
    GPIO_SetBits                             0x08002213   Thumb Code     4  stm32f4xx_gpio.o(i.GPIO_SetBits)
    GPIO_ToggleBits                          0x08002217   Thumb Code     8  stm32f4xx_gpio.o(i.GPIO_ToggleBits)
    GetSysTime_us                            0x08002221   Thumb Code    58  delay.o(i.GetSysTime_us)
    HardFault_Handler                        0x08002291   Thumb Code     4  stm32f4xx_it.o(i.HardFault_Handler)
    LX_IMU_UART8_Configuration               0x080024c1   Thumb Code   172  uart8.o(i.LX_IMU_UART8_Configuration)
    MemManage_Handler                        0x080025d3   Thumb Code     4  stm32f4xx_it.o(i.MemManage_Handler)
    NMI_Handler                              0x080025d7   Thumb Code     2  stm32f4xx_it.o(i.NMI_Handler)
    NVIC_Init                                0x080025d9   Thumb Code   106  misc.o(i.NVIC_Init)
    NVIC_PriorityGroupConfig                 0x08002651   Thumb Code    10  misc.o(i.NVIC_PriorityGroupConfig)
    PID_Calc                                 0x08002665   Thumb Code   492  pid.o(i.PID_Calc)
    PID_Init                                 0x08002855   Thumb Code    92  pid.o(i.PID_Init)
    PID_clear                                0x080028b5   Thumb Code    72  pid.o(i.PID_clear)
    RCC_AHB1PeriphClockCmd                   0x08002901   Thumb Code    26  stm32f4xx_rcc.o(i.RCC_AHB1PeriphClockCmd)
    RCC_APB1PeriphClockCmd                   0x08002921   Thumb Code    26  stm32f4xx_rcc.o(i.RCC_APB1PeriphClockCmd)
    RCC_APB1PeriphResetCmd                   0x08002941   Thumb Code    26  stm32f4xx_rcc.o(i.RCC_APB1PeriphResetCmd)
    RCC_APB2PeriphClockCmd                   0x08002961   Thumb Code    26  stm32f4xx_rcc.o(i.RCC_APB2PeriphClockCmd)
    RCC_APB2PeriphResetCmd                   0x08002981   Thumb Code    26  stm32f4xx_rcc.o(i.RCC_APB2PeriphResetCmd)
    RCC_GetClocksFreq                        0x080029a1   Thumb Code   214  stm32f4xx_rcc.o(i.RCC_GetClocksFreq)
    RC_Init                                  0x08002a89   Thumb Code   312  rc.o(i.RC_Init)
    Referee_Task_Init                        0x08002bd5   Thumb Code    34  referee_usart_task.o(i.Referee_Task_Init)
    SPI5_DMA_Enable                          0x08002ce1   Thumb Code   104  spi.o(i.SPI5_DMA_Enable)
    SYSCFG_EXTILineConfig                    0x08002d55   Thumb Code    60  stm32f4xx_syscfg.o(i.SYSCFG_EXTILineConfig)
    Scheduler_Run                            0x08002d95   Thumb Code    76  start_task.o(i.Scheduler_Run)
    Scheduler_Setup                          0x08002de5   Thumb Code    76  start_task.o(i.Scheduler_Setup)
    SysTick_CLKSourceConfig                  0x080034fd   Thumb Code    40  misc.o(i.SysTick_CLKSourceConfig)
    SysTick_GetTick                          0x08003525   Thumb Code     6  delay.o(i.SysTick_GetTick)
    SysTick_Handler                          0x08003531   Thumb Code    22  delay.o(i.SysTick_Handler)
    SystemInit                               0x0800354d   Thumb Code    88  system_stm32f4xx.o(i.SystemInit)
    TIM6_DAC_IRQHandler                      0x080035b5   Thumb Code    30  can_receive.o(i.TIM6_DAC_IRQHandler)
    TIM_ARRPreloadConfig                     0x080035d9   Thumb Code    24  stm32f4xx_tim.o(i.TIM_ARRPreloadConfig)
    TIM_ClearFlag                            0x080035f1   Thumb Code     6  stm32f4xx_tim.o(i.TIM_ClearFlag)
    TIM_Cmd                                  0x080035f7   Thumb Code    24  stm32f4xx_tim.o(i.TIM_Cmd)
    TIM_CtrlPWMOutputs                       0x0800360f   Thumb Code    30  stm32f4xx_tim.o(i.TIM_CtrlPWMOutputs)
    TIM_GetITStatus                          0x0800362d   Thumb Code    34  stm32f4xx_tim.o(i.TIM_GetITStatus)
    TIM_OC1Init                              0x08003651   Thumb Code   114  stm32f4xx_tim.o(i.TIM_OC1Init)
    TIM_OC1PreloadConfig                     0x080036cd   Thumb Code    18  stm32f4xx_tim.o(i.TIM_OC1PreloadConfig)
    TIM_OC3Init                              0x080036e1   Thumb Code   150  stm32f4xx_tim.o(i.TIM_OC3Init)
    TIM_OC3PreloadConfig                     0x08003781   Thumb Code    18  stm32f4xx_tim.o(i.TIM_OC3PreloadConfig)
    TIM_OC4Init                              0x08003795   Thumb Code   112  stm32f4xx_tim.o(i.TIM_OC4Init)
    TIM_OC4PreloadConfig                     0x0800380d   Thumb Code    26  stm32f4xx_tim.o(i.TIM_OC4PreloadConfig)
    TIM_SetCompare1                          0x08003827   Thumb Code     4  stm32f4xx_tim.o(i.TIM_SetCompare1)
    TIM_SetCompare3                          0x0800382b   Thumb Code     4  stm32f4xx_tim.o(i.TIM_SetCompare3)
    TIM_SetCompare4                          0x0800382f   Thumb Code     4  stm32f4xx_tim.o(i.TIM_SetCompare4)
    TIM_TimeBaseInit                         0x08003835   Thumb Code   104  stm32f4xx_tim.o(i.TIM_TimeBaseInit)
    UART8_IRQHandler                         0x080038b9   Thumb Code    64  uart8.o(i.UART8_IRQHandler)
    USART1_IRQHandler                        0x08003901   Thumb Code   216  remote_control.o(i.USART1_IRQHandler)
    USART6_DMA_Init                          0x080039f1   Thumb Code   324  usart6.o(i.USART6_DMA_Init)
    USART6_IRQHandler                        0x08003b41   Thumb Code   198  referee_usart_task.o(i.USART6_IRQHandler)
    USART_ClearFlag                          0x08003c25   Thumb Code    18  stm32f4xx_usart.o(i.USART_ClearFlag)
    USART_ClearITPendingBit                  0x08003c37   Thumb Code    30  stm32f4xx_usart.o(i.USART_ClearITPendingBit)
    USART_Cmd                                0x08003c55   Thumb Code    24  stm32f4xx_usart.o(i.USART_Cmd)
    USART_DMACmd                             0x08003c6d   Thumb Code    18  stm32f4xx_usart.o(i.USART_DMACmd)
    USART_DeInit                             0x08003c81   Thumb Code   206  stm32f4xx_usart.o(i.USART_DeInit)
    USART_GetFlagStatus                      0x08003d71   Thumb Code    26  stm32f4xx_usart.o(i.USART_GetFlagStatus)
    USART_GetITStatus                        0x08003d8b   Thumb Code    84  stm32f4xx_usart.o(i.USART_GetITStatus)
    USART_ITConfig                           0x08003ddf   Thumb Code    74  stm32f4xx_usart.o(i.USART_ITConfig)
    USART_Init                               0x08003e29   Thumb Code   204  stm32f4xx_usart.o(i.USART_Init)
    USART_ReceiveData                        0x08003efd   Thumb Code    10  stm32f4xx_usart.o(i.USART_ReceiveData)
    USART_SendData                           0x08003f07   Thumb Code     8  stm32f4xx_usart.o(i.USART_SendData)
    UsageFault_Handler                       0x08003f0f   Thumb Code     4  stm32f4xx_it.o(i.UsageFault_Handler)
    Usart_SendByte                           0x08003f13   Thumb Code    30  uart8.o(i.Usart_SendByte)
    __hardfp_fabs                            0x08003f37   Thumb Code    20  fabs.o(i.__hardfp_fabs)
    abs_limit                                0x08003f51   Thumb Code    48  user_lib.o(i.abs_limit)
    buzzer_init                              0x08003f81   Thumb Code   174  buzzer.o(i.buzzer_init)
    buzzer_off                               0x08004039   Thumb Code    12  buzzer.o(i.buzzer_off)
    buzzer_on                                0x08004049   Thumb Code    22  buzzer.o(i.buzzer_on)
    chassis_Setup                            0x08004065   Thumb Code    10  chassis_task.o(i.chassis_Setup)
    chassis_behaviour_control_set            0x08004075   Thumb Code   156  chassis_behaviour.o(i.chassis_behaviour_control_set)
    chassis_behaviour_mode_set               0x08004115   Thumb Code   142  chassis_behaviour.o(i.chassis_behaviour_mode_set)
    chassis_rc_to_control_vector             0x08004a19   Thumb Code   320  chassis_task.o(i.chassis_rc_to_control_vector)
    chassis_task                             0x08004dd5   Thumb Code    56  chassis_task.o(i.chassis_task)
    delay_init                               0x08004e91   Thumb Code    90  delay.o(i.delay_init)
    delay_ms                                 0x08004efd   Thumb Code    76  delay.o(i.delay_ms)
    delay_us                                 0x08004f4d   Thumb Code    76  delay.o(i.delay_us)
    fifo_s_get                               0x08004f9d   Thumb Code    58  fifo.o(i.fifo_s_get)
    fifo_s_init                              0x08004fd7   Thumb Code    22  fifo.o(i.fifo_s_init)
    fifo_s_puts                              0x08004fed   Thumb Code   160  fifo.o(i.fifo_s_puts)
    fifo_s_used                              0x0800508d   Thumb Code     6  fifo.o(i.fifo_s_used)
    first_order_filter_cali                  0x08005093   Thumb Code    84  user_lib.o(i.first_order_filter_cali)
    first_order_filter_init                  0x080050e9   Thumb Code    32  user_lib.o(i.first_order_filter_init)
    flow_led_Combo1                          0x0800510d   Thumb Code    58  led.o(i.flow_led_Combo1)
    flow_led_off                             0x08005151   Thumb Code    20  led.o(i.flow_led_off)
    flow_led_toggle                          0x08005169   Thumb Code    20  led.o(i.flow_led_toggle)
    fp32_constrain                           0x08005181   Thumb Code    42  user_lib.o(i.fp32_constrain)
    fric1_on                                 0x080051ad   Thumb Code    14  fric.o(i.fric1_on)
    fric2_on                                 0x080051c1   Thumb Code    14  fric.o(i.fric2_on)
    fric_PWM_configuration                   0x080051d5   Thumb Code   248  fric.o(i.fric_PWM_configuration)
    fric_off                                 0x080052d5   Thumb Code    24  fric.o(i.fric_off)
    get_CRC16_check_sum                      0x080052f1   Thumb Code    46  crc8_crc16.o(i.get_CRC16_check_sum)
    get_CRC8_check_sum                       0x08005325   Thumb Code    30  crc8_crc16.o(i.get_CRC8_check_sum)
    get_Chassis_Motor_Measure_Point          0x08005349   Thumb Code    18  can_receive.o(i.get_Chassis_Motor_Measure_Point)
    get_INS_angle_point                      0x08005361   Thumb Code     4  ins_task.o(i.get_INS_angle_point)
    get_LX_IMU_angle_point                   0x08005369   Thumb Code     4  lx_imu.o(i.get_LX_IMU_angle_point)
    get_LX_IMU_gyro_point                    0x08005371   Thumb Code     4  lx_imu.o(i.get_LX_IMU_gyro_point)
    get_Pitch_Gimbal_Motor_Measure_Point     0x08005379   Thumb Code     4  can_receive.o(i.get_Pitch_Gimbal_Motor_Measure_Point)
    get_Push_Motor_Measure_Point             0x08005381   Thumb Code     4  can_receive.o(i.get_Push_Motor_Measure_Point)
    get_Shoot_Motor_Measure_Point            0x08005389   Thumb Code     4  can_receive.o(i.get_Shoot_Motor_Measure_Point)
    get_Yaw_Gimbal_Motor_Measure_Point       0x08005391   Thumb Code     4  can_receive.o(i.get_Yaw_Gimbal_Motor_Measure_Point)
    get_chassis_power_and_buffer             0x08005399   Thumb Code    24  referee_api.o(i.get_chassis_power_and_buffer)
    get_pitch_motor_point                    0x080053b5   Thumb Code     4  gimbal_task.o(i.get_pitch_motor_point)
    get_remote_control_point                 0x080053bd   Thumb Code     4  remote_control.o(i.get_remote_control_point)
    get_robot_id                             0x080053c5   Thumb Code     6  referee_api.o(i.get_robot_id)
    get_switch_point                         0x080053d1   Thumb Code    20  trigger_switch.o(i.get_switch_point)
    get_yaw_motor_point                      0x080053ed   Thumb Code     4  gimbal_task.o(i.get_yaw_motor_point)
    gimbal_behaviour_control_set             0x0800551d   Thumb Code   332  gimbal_behaviour.o(i.gimbal_behaviour_control_set)
    gimbal_behaviour_mode_set                0x0800568d   Thumb Code   134  gimbal_behaviour.o(i.gimbal_behaviour_mode_set)
    gimbal_cmd_to_chassis_stop               0x08005925   Thumb Code    38  gimbal_behaviour.o(i.gimbal_cmd_to_chassis_stop)
    laser_configuration                      0x08005bf5   Thumb Code    54  laser.o(i.laser_configuration)
    laser_on                                 0x08005c31   Thumb Code    14  laser.o(i.laser_on)
    led_configuration                        0x08005c45   Thumb Code   104  led.o(i.led_configuration)
    led_green_on                             0x08005cb9   Thumb Code    14  led.o(i.led_green_on)
    led_red_on                               0x08005ccd   Thumb Code    14  led.o(i.led_red_on)
    loop_fp32_constrain                      0x08005ce1   Thumb Code    96  user_lib.o(i.loop_fp32_constrain)
    main                                     0x08005d41   Thumb Code    22  main.o(i.main)
    mpu6500_SPI_NS_H                         0x08005d8d   Thumb Code    12  mpu6500driver_middleware.o(i.mpu6500_SPI_NS_H)
    mpu6500_SPI_NS_L                         0x08005d9d   Thumb Code    12  mpu6500driver_middleware.o(i.mpu6500_SPI_NS_L)
    power_ctrl_configuration                 0x08005dad   Thumb Code    66  power_ctrl.o(i.power_ctrl_configuration)
    power_ctrl_off                           0x08005df5   Thumb Code    26  power_ctrl.o(i.power_ctrl_off)
    power_ctrl_on                            0x08005e15   Thumb Code    26  power_ctrl.o(i.power_ctrl_on)
    ramp_calc                                0x08005e35   Thumb Code    90  user_lib.o(i.ramp_calc)
    ramp_init                                0x08005e91   Thumb Code    40  user_lib.o(i.ramp_init)
    referee_usart_task                       0x0800603d   Thumb Code     8  referee_usart_task.o(i.referee_usart_task)
    remote_control_init                      0x08006045   Thumb Code    16  remote_control.o(i.remote_control_init)
    shoot_control_loop                       0x08006059   Thumb Code    24  shoot.o(i.shoot_control_loop)
    shoot_init                               0x08006071   Thumb Code   256  shoot.o(i.shoot_init)
    sys_time                                 0x080061a5   Thumb Code    12  delay.o(i.sys_time)
    trigger_switch_in_PushWheel_detected     0x080061b5   Thumb Code     8  trigger_switch.o(i.trigger_switch_in_PushWheel_detected)
    trigger_switch_in_ShootWheel_detected    0x080061c1   Thumb Code     8  trigger_switch.o(i.trigger_switch_in_ShootWheel_detected)
    trigger_switch_init                      0x080061cd   Thumb Code    12  trigger_switch.o(i.trigger_switch_init)
    verify_CRC16_check_sum                   0x080061e1   Thumb Code    60  crc8_crc16.o(i.verify_CRC16_check_sum)
    verify_CRC8_check_sum                    0x08006221   Thumb Code    46  crc8_crc16.o(i.verify_CRC8_check_sum)
    __aeabi_d2f                              0x08006251   Thumb Code     0  d2f_clz.o(x$fpl$d2f)
    _d2f                                     0x08006251   Thumb Code   700  d2f_clz.o(x$fpl$d2f)
    __aeabi_dadd                             0x08006515   Thumb Code     0  daddsub_clz.o(x$fpl$dadd)
    _dadd                                    0x08006515   Thumb Code   580  daddsub_clz.o(x$fpl$dadd)
    __fpl_dcmp_Inf                           0x08006761   Thumb Code    24  dcmpi.o(x$fpl$dcmpinf)
    __dflt_normalise                         0x08006779   Thumb Code    26  dflt_clz.o(x$fpl$dfltn)
    __aeabi_cdcmple                          0x08006795   Thumb Code     0  dleqf.o(x$fpl$dleqf)
    _dcmple                                  0x08006795   Thumb Code   120  dleqf.o(x$fpl$dleqf)
    __fpl_dcmple_InfNaN                      0x080067ed   Thumb Code     0  dleqf.o(x$fpl$dleqf)
    __fpl_dnaninf                            0x0800680d   Thumb Code   258  dnaninf.o(x$fpl$dnaninf)
    __fpl_drenorm2                           0x0800690f   Thumb Code   106  drenorm_clz.o(x$fpl$drenorm)
    __fpl_drenorm1                           0x08006979   Thumb Code     6  drenorm_clz.o(x$fpl$drenorm)
    __fpl_dretinf                            0x0800697f   Thumb Code    12  dretinf.o(x$fpl$dretinf)
    __aeabi_cdrcmple                         0x0800698b   Thumb Code     0  drleqf.o(x$fpl$drleqf)
    _drcmple                                 0x0800698b   Thumb Code    98  drleqf.o(x$fpl$drleqf)
    __aeabi_dsub                             0x080069ed   Thumb Code     0  daddsub_clz.o(x$fpl$dsub)
    _dsub                                    0x080069ed   Thumb Code   664  daddsub_clz.o(x$fpl$dsub)
    __dunder                                 0x08006c89   Thumb Code   314  dunder_clz.o(x$fpl$dunder)
    __dunder_d                               0x08006dc3   Thumb Code    64  dunder_clz.o(x$fpl$dunder)
    __fpl_exception                          0x08006e05   Thumb Code   454  except.o(x$fpl$exception)
    __aeabi_f2d                              0x08006ff1   Thumb Code     0  f2d.o(x$fpl$f2d)
    _f2d                                     0x08006ff1   Thumb Code   122  f2d.o(x$fpl$f2d)
    __fpl_fnaninf                            0x0800706b   Thumb Code   242  fnaninf.o(x$fpl$fnaninf)
    _fp_init                                 0x0800715d   Thumb Code    10  fpinit.o(x$fpl$fpinit)
    __fplib_config_fpu_vfp                   0x08007165   Thumb Code     0  fpinit.o(x$fpl$fpinit)
    __fplib_config_pureend_doubles           0x08007165   Thumb Code     0  fpinit.o(x$fpl$fpinit)
    __fpl_fretinf                            0x08007167   Thumb Code    10  fretinf.o(x$fpl$fretinf)
    __funder                                 0x08007171   Thumb Code   254  funder_clz.o(x$fpl$funder)
    __funder_d                               0x0800726f   Thumb Code    62  funder_clz.o(x$fpl$funder)
    __fpl_return_NaN                         0x080072ad   Thumb Code   178  retnan.o(x$fpl$retnan)
    _fp_trapveneer                           0x0800735f   Thumb Code    36  trapv.o(x$fpl$trapveneer)
    __fpl_cmpreturn                          0x08007383   Thumb Code    90  trapv.o(x$fpl$trapveneer)
    __I$use$fp                               0x080073dc   Number         0  usenofp.o(x$fpl$usenofp)
    CRC8_INIT                                0x08007438   Data           1  crc8_crc16.o(.constdata)
    CRC8_table                               0x08007439   Data         256  crc8_crc16.o(.constdata)
    wCRC_table                               0x0800753a   Data         512  crc8_crc16.o(.constdata)
    sinTable_f32                             0x0800773c   Data        2052  arm_common_tables.o(.constdata)
    Region$$Table$$Base                      0x08007f40   Number         0  anon$$obj.o(Region$$Table)
    Region$$Table$$Limit                     0x08007f60   Number         0  anon$$obj.o(Region$$Table)
    SystemCoreClock                          0x20000000   Data           4  system_stm32f4xx.o(.data)
    AHBPrescTable                            0x20000004   Data          16  system_stm32f4xx.o(.data)
    systime_ms                               0x2000002c   Data           4  delay.o(.data)
    sysTickUptime                            0x20000030   Data           4  delay.o(.data)
    gimbal_behaviour                         0x2000004c   Data           1  gimbal_behaviour.o(.data)
    test                                     0x2000004d   Data           1  gimbal_behaviour.o(.data)
    Yaw_Can_Set_Current                      0x20000068   Data           2  gimbal_task.o(.data)
    Pitch_Can_Set_Current                    0x2000006a   Data           2  gimbal_task.o(.data)
    Push_Can_Set_Current                     0x2000006c   Data           2  gimbal_task.o(.data)
    Shoot_Can_Set_Current                    0x2000006e   Data           2  gimbal_task.o(.data)
    chous7                                   0x20000070   Data           1  gimbal_task.o(.data)
    game_state                               0x200000e8   Data           3  referee_usart_task.o(.data)
    game_result                              0x200000eb   Data           1  referee_usart_task.o(.data)
    field_event                              0x200000ec   Data           4  referee_usart_task.o(.data)
    supply_projectile_action_t               0x200000f0   Data           4  referee_usart_task.o(.data)
    supply_projectile_booking_t              0x200000f4   Data           3  referee_usart_task.o(.data)
    referee_warning_t                        0x200000f7   Data           2  referee_usart_task.o(.data)
    buff_musk_t                              0x200000f9   Data           1  referee_usart_task.o(.data)
    robot_energy_t                           0x200000fa   Data           2  referee_usart_task.o(.data)
    robot_hurt_t                             0x200000fc   Data           1  referee_usart_task.o(.data)
    shoot_data_t                             0x200000fd   Data           6  referee_usart_task.o(.data)
    bullet_remaining_t                       0x20000103   Data           1  referee_usart_task.o(.data)
    FrameHeader                              0x20000104   Data           5  referee_usart_task.o(.data)
    Judge_Self_ID                            0x20000109   Data           1  referee_usart_task.o(.data)
    Judge_SelfClient_ID                      0x2000010a   Data           2  referee_usart_task.o(.data)
    judge                                    0x2000010c   Data           4  referee_usart_task.o(.data)
    referee_receive_header                   0x20000110   Data           5  referee_usart_task.o(.data)
    referee_send_header                      0x20000115   Data           5  referee_usart_task.o(.data)
    CRC16_INIT                               0x2000011c   Data           2  crc8_crc16.o(.data)
    yaw                                      0x20000120   Data           4  lx_imu.o(.data)
    SHOCK_STA                                0x20000124   Data           1  lx_imu.o(.data)
    trigger_switch_in_PushWheel              0x20000129   Data           1  trigger_switch.o(.data)
    trigger_switch_in_ShootWheel             0x2000012a   Data           1  trigger_switch.o(.data)
    motor_yaw                                0x2000012c   Data          10  can_receive.o(.bss)
    motor_pit                                0x20000136   Data          10  can_receive.o(.bss)
    motor_push                               0x20000140   Data          10  can_receive.o(.bss)
    motor_shoot                              0x2000014a   Data          10  can_receive.o(.bss)
    motor_chassis                            0x20000154   Data          40  can_receive.o(.bss)
    chassis_move                             0x200001b8   Data         556  chassis_task.o(.bss)
    gimbal_control                           0x20000528   Data         488  gimbal_task.o(.bss)
    mpu6500_spi_rxbuf                        0x20000710   Data          23  ins_task.o(.bss)
    mpu6500_real_data                        0x20000728   Data          32  ins_task.o(.bss)
    gyro_cali_offset                         0x20000748   Data          12  ins_task.o(.bss)
    Gyro_Offset                              0x20000754   Data          12  ins_task.o(.bss)
    Mag_Offset                               0x2000077c   Data          12  ins_task.o(.bss)
    INS_gyro                                 0x20000788   Data          12  ins_task.o(.bss)
    INS_Angle                                0x200007ac   Data          12  ins_task.o(.bss)
    filter_buf                               0x20000810   Data          52  ins_task.o(.bss)
    rc_ctrl                                  0x20000868   Data          22  remote_control.o(.bss)
    SBUS_rx_buf                              0x2000087e   Data          72  remote_control.o(.bss)
    push_motor_pid                           0x200008c8   Data          72  shoot.o(.bss)
    shoot_motor_pid                          0x20000910   Data          72  shoot.o(.bss)
    shoot_system                             0x20000958   Data         120  shoot.o(.bss)
    test_dT_1000hz                           0x200009d0   Data          12  start_task.o(.bss)
    test_rT                                  0x200009dc   Data          24  start_task.o(.bss)
    usart6_buf                               0x200009f4   Data        1024  referee_usart_task.o(.bss)
    referee_fifo                             0x20000df4   Data          24  referee_usart_task.o(.bss)
    referee_fifo_buf                         0x20000e0c   Data        1024  referee_usart_task.o(.bss)
    game_robot_HP_t                          0x2000120c   Data          28  referee_usart_task.o(.bss)
    robot_state                              0x20001228   Data          15  referee_usart_task.o(.bss)
    power_heat_data_t                        0x20001237   Data          14  referee_usart_task.o(.bss)
    game_robot_pos_t                         0x20001245   Data          16  referee_usart_task.o(.bss)
    student_interactive_data_t               0x20001255   Data          12  referee_usart_task.o(.bss)
    referee_unpack_obj                       0x20001261   Data         137  referee_usart_task.o(.bss)
    send_buffer                              0x200012ec   Data          50  lx_imu.o(.bss)
    Gyro                                     0x20001320   Data          12  lx_imu.o(.bss)
    Angle                                    0x2000132c   Data          12  lx_imu.o(.bss)
    dt                                       0x20001338   Data        1564  lx_imu.o(.bss)
    __libspace_start                         0x20001a54   Data          96  libspace.o(.bss)
    __temporary_stack_top$libspace           0x20001ab4   Data           0  libspace.o(.bss)



==============================================================================

Memory Map of the image

  Image Entry point : 0x080001ad

  Load Region LR_IROM1 (Base: 0x08000000, Size: 0x0000808c, Max: 0x00200000, ABSOLUTE, COMPRESSED[0x00007fb0])

    Execution Region ER_IROM1 (Exec base: 0x08000000, Load base: 0x08000000, Size: 0x00007f60, Max: 0x00200000, ABSOLUTE)

    Exec Addr    Load Addr    Size         Type   Attr      Idx    E Section Name        Object

    0x08000000   0x08000000   0x000001ac   Data   RO            3    RESET               startup_stm32f427xx.o
    0x080001ac   0x080001ac   0x00000008   Code   RO         8687  * !!!main             c_w.l(__main.o)
    0x080001b4   0x080001b4   0x00000034   Code   RO         9037    !!!scatter          c_w.l(__scatter.o)
    0x080001e8   0x080001e8   0x0000005a   Code   RO         9035    !!dczerorl2         c_w.l(__dczerorl2.o)
    0x08000242   0x08000242   0x00000002   PAD
    0x08000244   0x08000244   0x0000001c   Code   RO         9039    !!handler_zi        c_w.l(__scatter_zi.o)
    0x08000260   0x08000260   0x00000002   Code   RO         8974    .ARM.Collect$$libinit$$00000000  c_w.l(libinit.o)
    0x08000262   0x08000262   0x00000004   Code   RO         8795    .ARM.Collect$$libinit$$00000001  c_w.l(libinit2.o)
    0x08000266   0x08000266   0x00000000   Code   RO         8798    .ARM.Collect$$libinit$$00000004  c_w.l(libinit2.o)
    0x08000266   0x08000266   0x00000000   Code   RO         8801    .ARM.Collect$$libinit$$0000000A  c_w.l(libinit2.o)
    0x08000266   0x08000266   0x00000000   Code   RO         8803    .ARM.Collect$$libinit$$0000000C  c_w.l(libinit2.o)
    0x08000266   0x08000266   0x00000000   Code   RO         8805    .ARM.Collect$$libinit$$0000000E  c_w.l(libinit2.o)
    0x08000266   0x08000266   0x00000000   Code   RO         8808    .ARM.Collect$$libinit$$00000011  c_w.l(libinit2.o)
    0x08000266   0x08000266   0x00000000   Code   RO         8810    .ARM.Collect$$libinit$$00000013  c_w.l(libinit2.o)
    0x08000266   0x08000266   0x00000000   Code   RO         8812    .ARM.Collect$$libinit$$00000015  c_w.l(libinit2.o)
    0x08000266   0x08000266   0x00000000   Code   RO         8814    .ARM.Collect$$libinit$$00000017  c_w.l(libinit2.o)
    0x08000266   0x08000266   0x00000000   Code   RO         8816    .ARM.Collect$$libinit$$00000019  c_w.l(libinit2.o)
    0x08000266   0x08000266   0x00000000   Code   RO         8818    .ARM.Collect$$libinit$$0000001B  c_w.l(libinit2.o)
    0x08000266   0x08000266   0x00000000   Code   RO         8820    .ARM.Collect$$libinit$$0000001D  c_w.l(libinit2.o)
    0x08000266   0x08000266   0x00000000   Code   RO         8822    .ARM.Collect$$libinit$$0000001F  c_w.l(libinit2.o)
    0x08000266   0x08000266   0x00000000   Code   RO         8824    .ARM.Collect$$libinit$$00000021  c_w.l(libinit2.o)
    0x08000266   0x08000266   0x00000000   Code   RO         8826    .ARM.Collect$$libinit$$00000023  c_w.l(libinit2.o)
    0x08000266   0x08000266   0x00000000   Code   RO         8828    .ARM.Collect$$libinit$$00000025  c_w.l(libinit2.o)
    0x08000266   0x08000266   0x00000000   Code   RO         8832    .ARM.Collect$$libinit$$0000002C  c_w.l(libinit2.o)
    0x08000266   0x08000266   0x00000000   Code   RO         8834    .ARM.Collect$$libinit$$0000002E  c_w.l(libinit2.o)
    0x08000266   0x08000266   0x00000000   Code   RO         8836    .ARM.Collect$$libinit$$00000030  c_w.l(libinit2.o)
    0x08000266   0x08000266   0x00000000   Code   RO         8838    .ARM.Collect$$libinit$$00000032  c_w.l(libinit2.o)
    0x08000266   0x08000266   0x00000002   Code   RO         8839    .ARM.Collect$$libinit$$00000033  c_w.l(libinit2.o)
    0x08000268   0x08000268   0x00000002   Code   RO         9032    .ARM.Collect$$libshutdown$$00000000  c_w.l(libshutdown.o)
    0x0800026a   0x0800026a   0x00000000   Code   RO         8990    .ARM.Collect$$libshutdown$$00000002  c_w.l(libshutdown2.o)
    0x0800026a   0x0800026a   0x00000000   Code   RO         8992    .ARM.Collect$$libshutdown$$00000004  c_w.l(libshutdown2.o)
    0x0800026a   0x0800026a   0x00000000   Code   RO         8995    .ARM.Collect$$libshutdown$$00000007  c_w.l(libshutdown2.o)
    0x0800026a   0x0800026a   0x00000000   Code   RO         8998    .ARM.Collect$$libshutdown$$0000000A  c_w.l(libshutdown2.o)
    0x0800026a   0x0800026a   0x00000000   Code   RO         9000    .ARM.Collect$$libshutdown$$0000000C  c_w.l(libshutdown2.o)
    0x0800026a   0x0800026a   0x00000000   Code   RO         9003    .ARM.Collect$$libshutdown$$0000000F  c_w.l(libshutdown2.o)
    0x0800026a   0x0800026a   0x00000002   Code   RO         9004    .ARM.Collect$$libshutdown$$00000010  c_w.l(libshutdown2.o)
    0x0800026c   0x0800026c   0x00000000   Code   RO         8765    .ARM.Collect$$rtentry$$00000000  c_w.l(__rtentry.o)
    0x0800026c   0x0800026c   0x00000000   Code   RO         8904    .ARM.Collect$$rtentry$$00000002  c_w.l(__rtentry2.o)
    0x0800026c   0x0800026c   0x00000006   Code   RO         8916    .ARM.Collect$$rtentry$$00000004  c_w.l(__rtentry4.o)
    0x08000272   0x08000272   0x00000000   Code   RO         8906    .ARM.Collect$$rtentry$$00000009  c_w.l(__rtentry2.o)
    0x08000272   0x08000272   0x00000004   Code   RO         8907    .ARM.Collect$$rtentry$$0000000A  c_w.l(__rtentry2.o)
    0x08000276   0x08000276   0x00000000   Code   RO         8909    .ARM.Collect$$rtentry$$0000000C  c_w.l(__rtentry2.o)
    0x08000276   0x08000276   0x00000008   Code   RO         8910    .ARM.Collect$$rtentry$$0000000D  c_w.l(__rtentry2.o)
    0x0800027e   0x0800027e   0x00000002   Code   RO         8977    .ARM.Collect$$rtexit$$00000000  c_w.l(rtexit.o)
    0x08000280   0x08000280   0x00000000   Code   RO         9008    .ARM.Collect$$rtexit$$00000002  c_w.l(rtexit2.o)
    0x08000280   0x08000280   0x00000004   Code   RO         9009    .ARM.Collect$$rtexit$$00000003  c_w.l(rtexit2.o)
    0x08000284   0x08000284   0x00000006   Code   RO         9010    .ARM.Collect$$rtexit$$00000004  c_w.l(rtexit2.o)
    0x0800028a   0x0800028a   0x00000002   PAD
    0x0800028c   0x0800028c   0x0000004c   Code   RO            4    .text               startup_stm32f427xx.o
    0x080002d8   0x080002d8   0x00000078   Code   RO         8457    .text               arm_cortexM4lf_math.lib(arm_cos_f32.o)
    0x08000350   0x08000350   0x00000074   Code   RO         8510    .text               arm_cortexM4lf_math.lib(arm_sin_f32.o)
    0x080003c4   0x080003c4   0x0000008a   Code   RO         8677    .text               c_w.l(rt_memcpy_v6.o)
    0x0800044e   0x0800044e   0x00000064   Code   RO         8679    .text               c_w.l(rt_memcpy_w.o)
    0x080004b2   0x080004b2   0x00000044   Code   RO         8681    .text               c_w.l(rt_memclr.o)
    0x080004f6   0x080004f6   0x0000004e   Code   RO         8683    .text               c_w.l(rt_memclr_w.o)
    0x08000544   0x08000544   0x00000006   Code   RO         8685    .text               c_w.l(heapauxi.o)
    0x0800054a   0x0800054a   0x00000002   PAD
    0x0800054c   0x0800054c   0x00000008   Code   RO         8900    .text               c_w.l(libspace.o)
    0x08000554   0x08000554   0x00000030   Code   RO         8931    .text               c_w.l(_fptrap.o)
    0x08000584   0x08000584   0x00000002   Code   RO         8946    .text               c_w.l(use_no_semi.o)
    0x08000586   0x08000586   0x00000000   Code   RO         8948    .text               c_w.l(indicate_semi.o)
    0x08000586   0x08000586   0x0000004a   Code   RO         8949    .text               c_w.l(sys_stackheap_outer.o)
    0x080005d0   0x080005d0   0x00000012   Code   RO         8955    .text               c_w.l(exit.o)
    0x080005e2   0x080005e2   0x0000000a   Code   RO         8957    .text               c_w.l(defsig_exit.o)
    0x080005ec   0x080005ec   0x0000000e   Code   RO         8959    .text               c_w.l(defsig_fpe_outer.o)
    0x080005fa   0x080005fa   0x00000002   PAD
    0x080005fc   0x080005fc   0x0000000c   Code   RO         8975    .text               c_w.l(sys_exit.o)
    0x08000608   0x08000608   0x00000032   Code   RO         8985    .text               c_w.l(defsig_general.o)
    0x0800063a   0x0800063a   0x00000002   PAD
    0x0800063c   0x0800063c   0x000000ac   Code   RO         8987    .text               c_w.l(defsig_fpe_inner.o)
    0x080006e8   0x080006e8   0x0000000e   Code   RO         9005    .text               c_w.l(sys_wrch.o)
    0x080006f6   0x080006f6   0x00000002   PAD
    0x080006f8   0x080006f8   0x000000ac   Code   RO         8241    i.ANO_DT_Init       lx_imu.o
    0x080007a4   0x080007a4   0x00000138   Code   RO         8242    i.ANO_DT_LX_Data_Receive_Anl  lx_imu.o
    0x080008dc   0x080008dc   0x00000118   Code   RO         8243    i.ANO_DT_LX_Data_Receive_Prepare  lx_imu.o
    0x080009f4   0x080009f4   0x00000016   Code   RO         6021    i.BSPInit_CompleteBeep  buzzer.o
    0x08000a0a   0x08000a0a   0x00000002   PAD
    0x08000a0c   0x08000a0c   0x00000094   Code   RO         5852    i.BSP_init          main.o
    0x08000aa0   0x08000aa0   0x00000004   Code   RO           13    i.BusFault_Handler  stm32f4xx_it.o
    0x08000aa4   0x08000aa4   0x00000030   Code   RO         6897    i.CAN1_RX0_IRQHandler  can_receive.o
    0x08000ad4   0x08000ad4   0x00000110   Code   RO         6072    i.CAN1_mode_init    can.o
    0x08000be4   0x08000be4   0x00000030   Code   RO         6898    i.CAN2_RX0_IRQHandler  can_receive.o
    0x08000c14   0x08000c14   0x00000064   Code   RO         6899    i.CAN_CMD_CHASSIS   can_receive.o
    0x08000c78   0x08000c78   0x0000004c   Code   RO         6901    i.CAN_CMD_GIMBAL    can_receive.o
    0x08000cc4   0x08000cc4   0x000000a8   Code   RO          527    i.CAN_ClearITPendingBit  stm32f4xx_can.o
    0x08000d6c   0x08000d6c   0x00000108   Code   RO          531    i.CAN_FilterInit    stm32f4xx_can.o
    0x08000e74   0x08000e74   0x00000120   Code   RO          533    i.CAN_GetITStatus   stm32f4xx_can.o
    0x08000f94   0x08000f94   0x00000012   Code   RO          537    i.CAN_ITConfig      stm32f4xx_can.o
    0x08000fa6   0x08000fa6   0x00000114   Code   RO          538    i.CAN_Init          stm32f4xx_can.o
    0x080010ba   0x080010ba   0x000000f0   Code   RO          541    i.CAN_Receive       stm32f4xx_can.o
    0x080011aa   0x080011aa   0x00000126   Code   RO          546    i.CAN_Transmit      stm32f4xx_can.o
    0x080012d0   0x080012d0   0x0000019c   Code   RO         6902    i.CAN_hook          can_receive.o
    0x0800146c   0x0800146c   0x00000012   Code   RO          549    i.CheckITStatus     stm32f4xx_can.o
    0x0800147e   0x0800147e   0x00000002   PAD
    0x08001480   0x08001480   0x00000024   Code   RO         7444    i.DMA2_Stream5_IRQHandler  ins_task.o
    0x080014a4   0x080014a4   0x00000034   Code   RO         1304    i.DMA_ClearFlag     stm32f4xx_dma.o
    0x080014d8   0x080014d8   0x00000016   Code   RO         1306    i.DMA_Cmd           stm32f4xx_dma.o
    0x080014ee   0x080014ee   0x00000002   PAD
    0x080014f0   0x080014f0   0x00000158   Code   RO         1307    i.DMA_DeInit        stm32f4xx_dma.o
    0x08001648   0x08001648   0x00000016   Code   RO         1308    i.DMA_DoubleBufferModeCmd  stm32f4xx_dma.o
    0x0800165e   0x0800165e   0x00000018   Code   RO         1309    i.DMA_DoubleBufferModeConfig  stm32f4xx_dma.o
    0x08001676   0x08001676   0x00000014   Code   RO         1311    i.DMA_GetCmdStatus  stm32f4xx_dma.o
    0x0800168a   0x0800168a   0x00000008   Code   RO         1312    i.DMA_GetCurrDataCounter  stm32f4xx_dma.o
    0x08001692   0x08001692   0x00000014   Code   RO         1313    i.DMA_GetCurrentMemoryTarget  stm32f4xx_dma.o
    0x080016a6   0x080016a6   0x00000002   PAD
    0x080016a8   0x080016a8   0x00000044   Code   RO         1315    i.DMA_GetFlagStatus  stm32f4xx_dma.o
    0x080016ec   0x080016ec   0x00000058   Code   RO         1318    i.DMA_Init          stm32f4xx_dma.o
    0x08001744   0x08001744   0x00000004   Code   RO         1321    i.DMA_SetCurrDataCounter  stm32f4xx_dma.o
    0x08001748   0x08001748   0x00000002   Code   RO           14    i.DebugMon_Handler  stm32f4xx_it.o
    0x0800174a   0x0800174a   0x00000002   PAD
    0x0800174c   0x0800174c   0x00000128   Code   RO         7157    i.DetectHook        detect_task.o
    0x08001874   0x08001874   0x00000016   Code   RO         6171    i.EXTI0_IRQHandler  exit_init.o
    0x0800188a   0x0800188a   0x00000016   Code   RO         6172    i.EXTI1_IRQHandler  exit_init.o
    0x080018a0   0x080018a0   0x00000020   Code   RO         7445    i.EXTI9_5_IRQHandler  ins_task.o
    0x080018c0   0x080018c0   0x0000000c   Code   RO         1590    i.EXTI_ClearITPendingBit  stm32f4xx_exti.o
    0x080018cc   0x080018cc   0x00000018   Code   RO         1594    i.EXTI_GetITStatus  stm32f4xx_exti.o
    0x080018e4   0x080018e4   0x00000094   Code   RO         1595    i.EXTI_Init         stm32f4xx_exti.o
    0x08001978   0x08001978   0x00000070   Code   RO         7302    i.GIMBAL_Control_loop  gimbal_task.o
    0x080019e8   0x080019e8   0x0000008c   Code   RO         7303    i.GIMBAL_Feedback_Update  gimbal_task.o
    0x08001a74   0x08001a74   0x000001a0   Code   RO         7304    i.GIMBAL_Init       gimbal_task.o
    0x08001c14   0x08001c14   0x000000c0   Code   RO         7305    i.GIMBAL_Mode_Change_Control_Transit  gimbal_task.o
    0x08001cd4   0x08001cd4   0x000000bc   Code   RO         7306    i.GIMBAL_PID_Calc   gimbal_task.o
    0x08001d90   0x08001d90   0x00000030   Code   RO         7307    i.GIMBAL_PID_Init   gimbal_task.o
    0x08001dc0   0x08001dc0   0x0000009c   Code   RO         7308    i.GIMBAL_Set_Contorl  gimbal_task.o
    0x08001e5c   0x08001e5c   0x00000012   Code   RO         7309    i.GIMBAL_Set_Mode   gimbal_task.o
    0x08001e6e   0x08001e6e   0x00000002   PAD
    0x08001e70   0x08001e70   0x00000010   Code   RO         7310    i.GIMBAL_Setup      gimbal_task.o
    0x08001e80   0x08001e80   0x000000f4   Code   RO         7311    i.GIMBAL_absolute_angle_limit  gimbal_task.o
    0x08001f74   0x08001f74   0x0000004e   Code   RO         7312    i.GIMBAL_relative_angle_limit  gimbal_task.o
    0x08001fc2   0x08001fc2   0x00000002   PAD
    0x08001fc4   0x08001fc4   0x0000006c   Code   RO         7313    i.GIMBAL_task       gimbal_task.o
    0x08002030   0x08002030   0x00000084   Code   RO         6174    i.GPIOF_Exti0_GPIO_Init  exit_init.o
    0x080020b4   0x080020b4   0x00000084   Code   RO         6175    i.GPIOF_Exti1_GPIO_Init  exit_init.o
    0x08002138   0x08002138   0x00000090   Code   RO         2151    i.GPIO_Init         stm32f4xx_gpio.o
    0x080021c8   0x080021c8   0x00000046   Code   RO         2152    i.GPIO_PinAFConfig  stm32f4xx_gpio.o
    0x0800220e   0x0800220e   0x00000004   Code   RO         2158    i.GPIO_ResetBits    stm32f4xx_gpio.o
    0x08002212   0x08002212   0x00000004   Code   RO         2159    i.GPIO_SetBits      stm32f4xx_gpio.o
    0x08002216   0x08002216   0x00000008   Code   RO         2161    i.GPIO_ToggleBits   stm32f4xx_gpio.o
    0x0800221e   0x0800221e   0x00000002   PAD
    0x08002220   0x08002220   0x00000040   Code   RO         6105    i.GetSysTime_us     delay.o
    0x08002260   0x08002260   0x00000030   Code   RO         7314    i.Gimbal_PID_clear  gimbal_task.o
    0x08002290   0x08002290   0x00000004   Code   RO           15    i.HardFault_Handler  stm32f4xx_it.o
    0x08002294   0x08002294   0x0000022c   Code   RO         7849    i.Judge_Read_Data   referee_usart_task.o
    0x080024c0   0x080024c0   0x000000b4   Code   RO         6728    i.LX_IMU_UART8_Configuration  uart8.o
    0x08002574   0x08002574   0x00000048   Code   RO         7734    i.Loop_1000Hz       start_task.o
    0x080025bc   0x080025bc   0x00000002   Code   RO         7735    i.Loop_100Hz        start_task.o
    0x080025be   0x080025be   0x00000002   Code   RO         7736    i.Loop_200Hz        start_task.o
    0x080025c0   0x080025c0   0x00000002   Code   RO         7737    i.Loop_20Hz         start_task.o
    0x080025c2   0x080025c2   0x00000002   Code   RO         7738    i.Loop_2Hz          start_task.o
    0x080025c4   0x080025c4   0x0000000c   Code   RO         7739    i.Loop_500Hz        start_task.o
    0x080025d0   0x080025d0   0x00000002   Code   RO         7740    i.Loop_50Hz         start_task.o
    0x080025d2   0x080025d2   0x00000004   Code   RO           16    i.MemManage_Handler  stm32f4xx_it.o
    0x080025d6   0x080025d6   0x00000002   Code   RO           17    i.NMI_Handler       stm32f4xx_it.o
    0x080025d8   0x080025d8   0x00000078   Code   RO          231    i.NVIC_Init         misc.o
    0x08002650   0x08002650   0x00000014   Code   RO          232    i.NVIC_PriorityGroupConfig  misc.o
    0x08002664   0x08002664   0x000001f0   Code   RO         7560    i.PID_Calc          pid.o
    0x08002854   0x08002854   0x00000060   Code   RO         7561    i.PID_Init          pid.o
    0x080028b4   0x080028b4   0x0000004c   Code   RO         7562    i.PID_clear         pid.o
    0x08002900   0x08002900   0x00000020   Code   RO         3089    i.RCC_AHB1PeriphClockCmd  stm32f4xx_rcc.o
    0x08002920   0x08002920   0x00000020   Code   RO         3098    i.RCC_APB1PeriphClockCmd  stm32f4xx_rcc.o
    0x08002940   0x08002940   0x00000020   Code   RO         3100    i.RCC_APB1PeriphResetCmd  stm32f4xx_rcc.o
    0x08002960   0x08002960   0x00000020   Code   RO         3101    i.RCC_APB2PeriphClockCmd  stm32f4xx_rcc.o
    0x08002980   0x08002980   0x00000020   Code   RO         3103    i.RCC_APB2PeriphResetCmd  stm32f4xx_rcc.o
    0x080029a0   0x080029a0   0x000000e8   Code   RO         3110    i.RCC_GetClocksFreq  stm32f4xx_rcc.o
    0x08002a88   0x08002a88   0x0000014c   Code   RO         6511    i.RC_Init           rc.o
    0x08002bd4   0x08002bd4   0x00000030   Code   RO         7850    i.Referee_Task_Init  referee_usart_task.o
    0x08002c04   0x08002c04   0x000000da   Code   RO         7601    i.SBUS_TO_RC        remote_control.o
    0x08002cde   0x08002cde   0x00000002   PAD
    0x08002ce0   0x08002ce0   0x00000074   Code   RO         6591    i.SPI5_DMA_Enable   spi.o
    0x08002d54   0x08002d54   0x00000040   Code   RO         4415    i.SYSCFG_EXTILineConfig  stm32f4xx_syscfg.o
    0x08002d94   0x08002d94   0x00000050   Code   RO         7741    i.Scheduler_Run     start_task.o
    0x08002de4   0x08002de4   0x00000050   Code   RO         7742    i.Scheduler_Setup   start_task.o
    0x08002e34   0x08002e34   0x00000120   Code   RO          190    i.SetSysClock       system_stm32f4xx.o
    0x08002f54   0x08002f54   0x00000140   Code   RO         7670    i.Shoot_Calcualte   shoot.o
    0x08003094   0x08003094   0x00000204   Code   RO         7671    i.Shoot_Feedback_Update  shoot.o
    0x08003298   0x08003298   0x00000018   Code   RO         7672    i.Shoot_Mode_Change_Control_Transit  shoot.o
    0x080032b0   0x080032b0   0x0000012c   Code   RO         7673    i.Shoot_Set_Control  shoot.o
    0x080033dc   0x080033dc   0x00000120   Code   RO         7674    i.Shoot_Set_Mode    shoot.o
    0x080034fc   0x080034fc   0x00000028   Code   RO          235    i.SysTick_CLKSourceConfig  misc.o
    0x08003524   0x08003524   0x0000000c   Code   RO         6106    i.SysTick_GetTick   delay.o
    0x08003530   0x08003530   0x0000001c   Code   RO         6107    i.SysTick_Handler   delay.o
    0x0800354c   0x0800354c   0x00000068   Code   RO          192    i.SystemInit        system_stm32f4xx.o
    0x080035b4   0x080035b4   0x00000024   Code   RO         6903    i.TIM6_DAC_IRQHandler  can_receive.o
    0x080035d8   0x080035d8   0x00000018   Code   RO         4476    i.TIM_ARRPreloadConfig  stm32f4xx_tim.o
    0x080035f0   0x080035f0   0x00000006   Code   RO         4482    i.TIM_ClearFlag     stm32f4xx_tim.o
    0x080035f6   0x080035f6   0x00000018   Code   RO         4488    i.TIM_Cmd           stm32f4xx_tim.o
    0x0800360e   0x0800360e   0x0000001e   Code   RO         4490    i.TIM_CtrlPWMOutputs  stm32f4xx_tim.o
    0x0800362c   0x0800362c   0x00000022   Code   RO         4509    i.TIM_GetITStatus   stm32f4xx_tim.o
    0x0800364e   0x0800364e   0x00000002   PAD
    0x08003650   0x08003650   0x0000007c   Code   RO         4517    i.TIM_OC1Init       stm32f4xx_tim.o
    0x080036cc   0x080036cc   0x00000012   Code   RO         4520    i.TIM_OC1PreloadConfig  stm32f4xx_tim.o
    0x080036de   0x080036de   0x00000002   PAD
    0x080036e0   0x080036e0   0x000000a0   Code   RO         4527    i.TIM_OC3Init       stm32f4xx_tim.o
    0x08003780   0x08003780   0x00000012   Code   RO         4530    i.TIM_OC3PreloadConfig  stm32f4xx_tim.o
    0x08003792   0x08003792   0x00000002   PAD
    0x08003794   0x08003794   0x00000078   Code   RO         4532    i.TIM_OC4Init       stm32f4xx_tim.o
    0x0800380c   0x0800380c   0x0000001a   Code   RO         4534    i.TIM_OC4PreloadConfig  stm32f4xx_tim.o
    0x08003826   0x08003826   0x00000004   Code   RO         4550    i.TIM_SetCompare1   stm32f4xx_tim.o
    0x0800382a   0x0800382a   0x00000004   Code   RO         4552    i.TIM_SetCompare3   stm32f4xx_tim.o
    0x0800382e   0x0800382e   0x00000004   Code   RO         4553    i.TIM_SetCompare4   stm32f4xx_tim.o
    0x08003832   0x08003832   0x00000002   PAD
    0x08003834   0x08003834   0x00000084   Code   RO         4560    i.TIM_TimeBaseInit  stm32f4xx_tim.o
    0x080038b8   0x080038b8   0x00000048   Code   RO         6729    i.UART8_IRQHandler  uart8.o
    0x08003900   0x08003900   0x000000f0   Code   RO         7602    i.USART1_IRQHandler  remote_control.o
    0x080039f0   0x080039f0   0x00000150   Code   RO         6701    i.USART6_DMA_Init   usart6.o
    0x08003b40   0x08003b40   0x000000e4   Code   RO         7851    i.USART6_IRQHandler  referee_usart_task.o
    0x08003c24   0x08003c24   0x00000012   Code   RO         5038    i.USART_ClearFlag   stm32f4xx_usart.o
    0x08003c36   0x08003c36   0x0000001e   Code   RO         5039    i.USART_ClearITPendingBit  stm32f4xx_usart.o
    0x08003c54   0x08003c54   0x00000018   Code   RO         5042    i.USART_Cmd         stm32f4xx_usart.o
    0x08003c6c   0x08003c6c   0x00000012   Code   RO         5043    i.USART_DMACmd      stm32f4xx_usart.o
    0x08003c7e   0x08003c7e   0x00000002   PAD
    0x08003c80   0x08003c80   0x000000f0   Code   RO         5044    i.USART_DeInit      stm32f4xx_usart.o
    0x08003d70   0x08003d70   0x0000001a   Code   RO         5045    i.USART_GetFlagStatus  stm32f4xx_usart.o
    0x08003d8a   0x08003d8a   0x00000054   Code   RO         5046    i.USART_GetITStatus  stm32f4xx_usart.o
    0x08003dde   0x08003dde   0x0000004a   Code   RO         5048    i.USART_ITConfig    stm32f4xx_usart.o
    0x08003e28   0x08003e28   0x000000d4   Code   RO         5049    i.USART_Init        stm32f4xx_usart.o
    0x08003efc   0x08003efc   0x0000000a   Code   RO         5056    i.USART_ReceiveData  stm32f4xx_usart.o
    0x08003f06   0x08003f06   0x00000008   Code   RO         5059    i.USART_SendData    stm32f4xx_usart.o
    0x08003f0e   0x08003f0e   0x00000004   Code   RO           18    i.UsageFault_Handler  stm32f4xx_it.o
    0x08003f12   0x08003f12   0x0000001e   Code   RO         6732    i.Usart_SendByte    uart8.o
    0x08003f30   0x08003f30   0x00000006   Code   RO         7984    i.__get_PRIMASK     fifo.o
    0x08003f36   0x08003f36   0x00000014   Code   RO         8745    i.__hardfp_fabs     m_wm.l(fabs.o)
    0x08003f4a   0x08003f4a   0x00000006   Code   RO         7985    i.__set_PRIMASK     fifo.o
    0x08003f50   0x08003f50   0x00000030   Code   RO         5750    i.abs_limit         user_lib.o
    0x08003f80   0x08003f80   0x000000b8   Code   RO         6023    i.buzzer_init       buzzer.o
    0x08004038   0x08004038   0x00000010   Code   RO         6024    i.buzzer_off        buzzer.o
    0x08004048   0x08004048   0x0000001c   Code   RO         6025    i.buzzer_on         buzzer.o
    0x08004064   0x08004064   0x00000010   Code   RO         7070    i.chassis_Setup     chassis_task.o
    0x08004074   0x08004074   0x000000a0   Code   RO         6996    i.chassis_behaviour_control_set  chassis_behaviour.o
    0x08004114   0x08004114   0x00000094   Code   RO         6997    i.chassis_behaviour_mode_set  chassis_behaviour.o
    0x080041a8   0x080041a8   0x000001cc   Code   RO         7071    i.chassis_control_loop  chassis_task.o
    0x08004374   0x08004374   0x00000060   Code   RO         6998    i.chassis_engineer_follow_chassis_yaw_control  chassis_behaviour.o
    0x080043d4   0x080043d4   0x00000164   Code   RO         7072    i.chassis_feedback_update  chassis_task.o
    0x08004538   0x08004538   0x0000011c   Code   RO         6999    i.chassis_infantry_follow_gimbal_yaw_control  chassis_behaviour.o
    0x08004654   0x08004654   0x000000e0   Code   RO         7073    i.chassis_init      chassis_task.o
    0x08004734   0x08004734   0x00000058   Code   RO         7074    i.chassis_mode_change_control_transit  chassis_task.o
    0x0800478c   0x0800478c   0x00000044   Code   RO         7000    i.chassis_no_follow_yaw_control  chassis_behaviour.o
    0x080047d0   0x080047d0   0x0000002c   Code   RO         7001    i.chassis_no_move_control  chassis_behaviour.o
    0x080047fc   0x080047fc   0x0000005c   Code   RO         7002    i.chassis_open_set_control  chassis_behaviour.o
    0x08004858   0x08004858   0x000001c0   Code   RO         7075    i.chassis_power_control  chassis_task.o
    0x08004a18   0x08004a18   0x0000016c   Code   RO         7076    i.chassis_rc_to_control_vector  chassis_task.o
    0x08004b84   0x08004b84   0x0000023c   Code   RO         7077    i.chassis_set_contorl  chassis_task.o
    0x08004dc0   0x08004dc0   0x00000012   Code   RO         7078    i.chassis_set_mode  chassis_task.o
    0x08004dd2   0x08004dd2   0x00000002   PAD
    0x08004dd4   0x08004dd4   0x0000003c   Code   RO         7079    i.chassis_task      chassis_task.o
    0x08004e10   0x08004e10   0x00000054   Code   RO         7080    i.chassis_vector_to_mecanum_wheel_speed  chassis_task.o
    0x08004e64   0x08004e64   0x0000002c   Code   RO         7003    i.chassis_zero_force_control  chassis_behaviour.o
    0x08004e90   0x08004e90   0x0000006c   Code   RO         6108    i.delay_init        delay.o
    0x08004efc   0x08004efc   0x00000050   Code   RO         6109    i.delay_ms          delay.o
    0x08004f4c   0x08004f4c   0x00000050   Code   RO         6110    i.delay_us          delay.o
    0x08004f9c   0x08004f9c   0x0000003a   Code   RO         8003    i.fifo_s_get        fifo.o
    0x08004fd6   0x08004fd6   0x00000016   Code   RO         8006    i.fifo_s_init       fifo.o
    0x08004fec   0x08004fec   0x000000a0   Code   RO         8012    i.fifo_s_puts       fifo.o
    0x0800508c   0x0800508c   0x00000006   Code   RO         8014    i.fifo_s_used       fifo.o
    0x08005092   0x08005092   0x00000054   Code   RO         5751    i.first_order_filter_cali  user_lib.o
    0x080050e6   0x080050e6   0x00000002   PAD
    0x080050e8   0x080050e8   0x00000024   Code   RO         5752    i.first_order_filter_init  user_lib.o
    0x0800510c   0x0800510c   0x00000044   Code   RO         6378    i.flow_led_Combo1   led.o
    0x08005150   0x08005150   0x00000018   Code   RO         6379    i.flow_led_off      led.o
    0x08005168   0x08005168   0x00000018   Code   RO         6381    i.flow_led_toggle   led.o
    0x08005180   0x08005180   0x0000002a   Code   RO         5753    i.fp32_constrain    user_lib.o
    0x080051aa   0x080051aa   0x00000002   PAD
    0x080051ac   0x080051ac   0x00000014   Code   RO         6294    i.fric1_on          fric.o
    0x080051c0   0x080051c0   0x00000014   Code   RO         6295    i.fric2_on          fric.o
    0x080051d4   0x080051d4   0x00000100   Code   RO         6296    i.fric_PWM_configuration  fric.o
    0x080052d4   0x080052d4   0x0000001c   Code   RO         6297    i.fric_off          fric.o
    0x080052f0   0x080052f0   0x00000034   Code   RO         7925    i.get_CRC16_check_sum  crc8_crc16.o
    0x08005324   0x08005324   0x00000024   Code   RO         7926    i.get_CRC8_check_sum  crc8_crc16.o
    0x08005348   0x08005348   0x00000018   Code   RO         6904    i.get_Chassis_Motor_Measure_Point  can_receive.o
    0x08005360   0x08005360   0x00000008   Code   RO         7453    i.get_INS_angle_point  ins_task.o
    0x08005368   0x08005368   0x00000008   Code   RO         8248    i.get_LX_IMU_angle_point  lx_imu.o
    0x08005370   0x08005370   0x00000008   Code   RO         8249    i.get_LX_IMU_gyro_point  lx_imu.o
    0x08005378   0x08005378   0x00000008   Code   RO         6905    i.get_Pitch_Gimbal_Motor_Measure_Point  can_receive.o
    0x08005380   0x08005380   0x00000008   Code   RO         6906    i.get_Push_Motor_Measure_Point  can_receive.o
    0x08005388   0x08005388   0x00000008   Code   RO         6907    i.get_Shoot_Motor_Measure_Point  can_receive.o
    0x08005390   0x08005390   0x00000008   Code   RO         6908    i.get_Yaw_Gimbal_Motor_Measure_Point  can_receive.o
    0x08005398   0x08005398   0x0000001c   Code   RO         8198    i.get_chassis_power_and_buffer  referee_api.o
    0x080053b4   0x080053b4   0x00000008   Code   RO         7317    i.get_pitch_motor_point  gimbal_task.o
    0x080053bc   0x080053bc   0x00000008   Code   RO         7603    i.get_remote_control_point  remote_control.o
    0x080053c4   0x080053c4   0x0000000c   Code   RO         8199    i.get_robot_id      referee_api.o
    0x080053d0   0x080053d0   0x0000001c   Code   RO         8319    i.get_switch_point  trigger_switch.o
    0x080053ec   0x080053ec   0x00000008   Code   RO         7318    i.get_yaw_motor_point  gimbal_task.o
    0x080053f4   0x080053f4   0x00000128   Code   RO         7216    i.gimbal_absolute_angle_control  gimbal_behaviour.o
    0x0800551c   0x0800551c   0x00000170   Code   RO         7217    i.gimbal_behaviour_control_set  gimbal_behaviour.o
    0x0800568c   0x0800568c   0x0000008c   Code   RO         7218    i.gimbal_behaviour_mode_set  gimbal_behaviour.o
    0x08005718   0x08005718   0x0000003c   Code   RO         7219    i.gimbal_behavour_set  gimbal_behaviour.o
    0x08005754   0x08005754   0x000001d0   Code   RO         7220    i.gimbal_cali_control  gimbal_behaviour.o
    0x08005924   0x08005924   0x0000002c   Code   RO         7221    i.gimbal_cmd_to_chassis_stop  gimbal_behaviour.o
    0x08005950   0x08005950   0x000000c4   Code   RO         7223    i.gimbal_init_control  gimbal_behaviour.o
    0x08005a14   0x08005a14   0x00000020   Code   RO         7224    i.gimbal_motionless_control  gimbal_behaviour.o
    0x08005a34   0x08005a34   0x0000005c   Code   RO         7319    i.gimbal_motor_absolute_angle_control  gimbal_task.o
    0x08005a90   0x08005a90   0x00000022   Code   RO         7320    i.gimbal_motor_raw_angle_control  gimbal_task.o
    0x08005ab2   0x08005ab2   0x0000005e   Code   RO         7321    i.gimbal_motor_relative_angle_control  gimbal_task.o
    0x08005b10   0x08005b10   0x0000000c   Code   RO         7225    i.gimbal_relative_angle_control  gimbal_behaviour.o
    0x08005b1c   0x08005b1c   0x00000020   Code   RO         7226    i.gimbal_zero_force_control  gimbal_behaviour.o
    0x08005b3c   0x08005b3c   0x000000b8   Code   RO         7852    i.init_referee_struct_data  referee_usart_task.o
    0x08005bf4   0x08005bf4   0x0000003c   Code   RO         6339    i.laser_configuration  laser.o
    0x08005c30   0x08005c30   0x00000014   Code   RO         6341    i.laser_on          laser.o
    0x08005c44   0x08005c44   0x00000074   Code   RO         6382    i.led_configuration  led.o
    0x08005cb8   0x08005cb8   0x00000014   Code   RO         6384    i.led_green_on      led.o
    0x08005ccc   0x08005ccc   0x00000014   Code   RO         6387    i.led_red_on        led.o
    0x08005ce0   0x08005ce0   0x00000060   Code   RO         5758    i.loop_fp32_constrain  user_lib.o
    0x08005d40   0x08005d40   0x00000016   Code   RO         5853    i.main              main.o
    0x08005d56   0x08005d56   0x00000002   PAD
    0x08005d58   0x08005d58   0x00000034   Code   RO         7322    i.motor_ecd_to_angle_change  gimbal_task.o
    0x08005d8c   0x08005d8c   0x00000010   Code   RO         5665    i.mpu6500_SPI_NS_H  mpu6500driver_middleware.o
    0x08005d9c   0x08005d9c   0x00000010   Code   RO         5666    i.mpu6500_SPI_NS_L  mpu6500driver_middleware.o
    0x08005dac   0x08005dac   0x00000048   Code   RO         6466    i.power_ctrl_configuration  power_ctrl.o
    0x08005df4   0x08005df4   0x00000020   Code   RO         6467    i.power_ctrl_off    power_ctrl.o
    0x08005e14   0x08005e14   0x00000020   Code   RO         6468    i.power_ctrl_on     power_ctrl.o
    0x08005e34   0x08005e34   0x0000005a   Code   RO         5759    i.ramp_calc         user_lib.o
    0x08005e8e   0x08005e8e   0x00000002   PAD
    0x08005e90   0x08005e90   0x0000002c   Code   RO         5760    i.ramp_init         user_lib.o
    0x08005ebc   0x08005ebc   0x00000180   Code   RO         7853    i.referee_data_solve  referee_usart_task.o
    0x0800603c   0x0800603c   0x00000008   Code   RO         7854    i.referee_usart_task  referee_usart_task.o
    0x08006044   0x08006044   0x00000014   Code   RO         7604    i.remote_control_init  remote_control.o
    0x08006058   0x08006058   0x00000018   Code   RO         7675    i.shoot_control_loop  shoot.o
    0x08006070   0x08006070   0x00000134   Code   RO         7676    i.shoot_init        shoot.o
    0x080061a4   0x080061a4   0x00000010   Code   RO         6111    i.sys_time          delay.o
    0x080061b4   0x080061b4   0x0000000c   Code   RO         8321    i.trigger_switch_in_PushWheel_detected  trigger_switch.o
    0x080061c0   0x080061c0   0x0000000c   Code   RO         8322    i.trigger_switch_in_ShootWheel_detected  trigger_switch.o
    0x080061cc   0x080061cc   0x00000014   Code   RO         8323    i.trigger_switch_init  trigger_switch.o
    0x080061e0   0x080061e0   0x00000040   Code   RO         7927    i.verify_CRC16_check_sum  crc8_crc16.o
    0x08006220   0x08006220   0x0000002e   Code   RO         7928    i.verify_CRC8_check_sum  crc8_crc16.o
    0x0800624e   0x0800624e   0x00000002   PAD
    0x08006250   0x08006250   0x000002c4   Code   RO         8689    x$fpl$d2f           g_wm.l(d2f_clz.o)
    0x08006514   0x08006514   0x0000024c   Code   RO         8691    x$fpl$dadd          g_wm.l(daddsub_clz.o)
    0x08006760   0x08006760   0x00000018   Code   RO         8840    x$fpl$dcmpinf       g_wm.l(dcmpi.o)
    0x08006778   0x08006778   0x0000001a   Code   RO         8844    x$fpl$dfltn         g_wm.l(dflt_clz.o)
    0x08006792   0x08006792   0x00000002   PAD
    0x08006794   0x08006794   0x00000078   Code   RO         8701    x$fpl$dleqf         g_wm.l(dleqf.o)
    0x0800680c   0x0800680c   0x00000102   Code   RO         8848    x$fpl$dnaninf       g_wm.l(dnaninf.o)
    0x0800690e   0x0800690e   0x00000070   Code   RO         8850    x$fpl$drenorm       g_wm.l(drenorm_clz.o)
    0x0800697e   0x0800697e   0x0000000c   Code   RO         8852    x$fpl$dretinf       g_wm.l(dretinf.o)
    0x0800698a   0x0800698a   0x00000062   Code   RO         8705    x$fpl$drleqf        g_wm.l(drleqf.o)
    0x080069ec   0x080069ec   0x0000029c   Code   RO         8693    x$fpl$dsub          g_wm.l(daddsub_clz.o)
    0x08006c88   0x08006c88   0x0000017a   Code   RO         8854    x$fpl$dunder        g_wm.l(dunder_clz.o)
    0x08006e02   0x08006e02   0x00000002   PAD
    0x08006e04   0x08006e04   0x000001ec   Code   RO         8856    x$fpl$exception     g_wm.l(except.o)
    0x08006ff0   0x08006ff0   0x0000007a   Code   RO         8707    x$fpl$f2d           g_wm.l(f2d.o)
    0x0800706a   0x0800706a   0x000000f2   Code   RO         8858    x$fpl$fnaninf       g_wm.l(fnaninf.o)
    0x0800715c   0x0800715c   0x0000000a   Code   RO         8942    x$fpl$fpinit        g_wm.l(fpinit.o)
    0x08007166   0x08007166   0x0000000a   Code   RO         8860    x$fpl$fretinf       g_wm.l(fretinf.o)
    0x08007170   0x08007170   0x0000013c   Code   RO         8862    x$fpl$funder        g_wm.l(funder_clz.o)
    0x080072ac   0x080072ac   0x000000b2   Code   RO         8944    x$fpl$retnan        g_wm.l(retnan.o)
    0x0800735e   0x0800735e   0x0000007e   Code   RO         8864    x$fpl$trapveneer    g_wm.l(trapv.o)
    0x080073dc   0x080073dc   0x00000000   Code   RO         8866    x$fpl$usenofp       g_wm.l(usenofp.o)
    0x080073dc   0x080073dc   0x00000020   Data   RO         7082    .constdata          chassis_task.o
    0x080073fc   0x080073fc   0x00000018   Data   RO         7325    .constdata          gimbal_task.o
    0x08007414   0x08007414   0x00000024   Data   RO         7678    .constdata          shoot.o
    0x08007438   0x08007438   0x00000302   Data   RO         7929    .constdata          crc8_crc16.o
    0x0800773a   0x0800773a   0x00000002   PAD
    0x0800773c   0x0800773c   0x00000804   Data   RO         8590    .constdata          arm_cortexM4lf_math.lib(arm_common_tables.o)
    0x08007f40   0x08007f40   0x00000020   Data   RO         9033    Region$$Table       anon$$obj.o


    Execution Region RW_IRAM1 (Exec base: 0x20000000, Load base: 0x08007f60, Size: 0x00001eb8, Max: 0x00030000, ABSOLUTE, COMPRESSED[0x00000050])

    Exec Addr    Load Addr    Size         Type   Attr      Idx    E Section Name        Object

    0x20000000   COMPRESSED   0x00000014   Data   RW          193    .data               system_stm32f4xx.o
    0x20000014   COMPRESSED   0x00000010   Data   RW         3142    .data               stm32f4xx_rcc.o
    0x20000024   COMPRESSED   0x00000010   Data   RW         6112    .data               delay.o
    0x20000034   COMPRESSED   0x00000002   Data   RW         6389    .data               led.o
    0x20000036   COMPRESSED   0x00000001   Data   RW         6910    .data               can_receive.o
    0x20000037   COMPRESSED   0x00000001   PAD
    0x20000038   COMPRESSED   0x00000011   Data   RW         7004    .data               chassis_behaviour.o
    0x20000049   COMPRESSED   0x00000003   PAD
    0x2000004c   COMPRESSED   0x0000001c   Data   RW         7227    .data               gimbal_behaviour.o
    0x20000068   COMPRESSED   0x00000014   Data   RW         7326    .data               gimbal_task.o
    0x2000007c   COMPRESSED   0x00000002   Data   RW         7608    .data               remote_control.o
    0x2000007e   COMPRESSED   0x00000002   PAD
    0x20000080   COMPRESSED   0x00000014   Data   RW         7679    .data               shoot.o
    0x20000094   COMPRESSED   0x00000054   Data   RW         7744    .data               start_task.o
    0x200000e8   COMPRESSED   0x00000034   Data   RW         7856    .data               referee_usart_task.o
    0x2000011c   COMPRESSED   0x00000002   Data   RW         7930    .data               crc8_crc16.o
    0x2000011e   COMPRESSED   0x00000002   PAD
    0x20000120   COMPRESSED   0x00000009   Data   RW         8251    .data               lx_imu.o
    0x20000129   COMPRESSED   0x00000002   Data   RW         8324    .data               trigger_switch.o
    0x2000012b   COMPRESSED   0x00000001   PAD
    0x2000012c        -       0x0000008c   Zero   RW         6909    .bss                can_receive.o
    0x200001b8        -       0x0000022c   Zero   RW         7081    .bss                chassis_task.o
    0x200003e4        -       0x00000144   Zero   RW         7162    .bss                detect_task.o
    0x20000528        -       0x000001e8   Zero   RW         7324    .bss                gimbal_task.o
    0x20000710        -       0x00000158   Zero   RW         7456    .bss                ins_task.o
    0x20000868        -       0x0000005e   Zero   RW         7607    .bss                remote_control.o
    0x200008c6   COMPRESSED   0x00000002   PAD
    0x200008c8        -       0x00000108   Zero   RW         7677    .bss                shoot.o
    0x200009d0        -       0x00000024   Zero   RW         7743    .bss                start_task.o
    0x200009f4        -       0x000008f6   Zero   RW         7855    .bss                referee_usart_task.o
    0x200012ea   COMPRESSED   0x00000002   PAD
    0x200012ec        -       0x00000768   Zero   RW         8250    .bss                lx_imu.o
    0x20001a54        -       0x00000060   Zero   RW         8901    .bss                c_w.l(libspace.o)
    0x20001ab4   COMPRESSED   0x00000004   PAD
    0x20001ab8        -       0x00000000   Zero   RW            2    HEAP                startup_stm32f427xx.o
    0x20001ab8        -       0x00000400   Zero   RW            1    STACK               startup_stm32f427xx.o


==============================================================================

Image component sizes


      Code (inc. data)   RO Data    RW Data    ZI Data      Debug   Object Name

       250         20          0          0          0       2406   buzzer.o
         0          0          0          0          0        544   calibrate_task.o
       272          8          0          0          0       1045   can.o
       776         96          0          1        140       8905   can_receive.o
       936         76          0         17          0      14421   chassis_behaviour.o
      2690        190         32          0        556      14689   chassis_task.o
       198         16        770          2          0       3653   crc8_crc16.o
       388         48          0         16          0       4625   delay.o
       296         10          0          0        324       2485   detect_task.o
       308         12          0          0          0       2938   exit_init.o
       258          0          0          0          0       5427   fifo.o
       324         24          0          0          0       2334   fric.o
      1644        136          0         28          0      12812   gimbal_behaviour.o
      2052        136         24         20        488      13712   gimbal_task.o
        76         14          0          0        344       6747   ins_task.o
        80         12          0          0          0       1045   laser.o
       272         42          0          2          0       3235   led.o
       780         62          0          9       1896       5461   lx_imu.o
       170          6          0          0          0       3334   main.o
       180         24          0          0          0       2033   misc.o
        32          8          0          0          0       1046   mpu6500driver_middleware.o
       668         12          0          0          0       2870   pid.o
       136         18          0          0          0       1812   power_ctrl.o
       332         20          0          0          0       1286   rc.o
        40         10          0          0          0       1518   referee_api.o
      1408        198          0         52       2294       7000   referee_usart_task.o
       486         32          0          2         94       4715   remote_control.o
      1780        170         36         20        264       8233   shoot.o
       116         12          0          0          0        590   spi.o
       254         18          0         84         36       5783   start_task.o
        76         28        428          0       1024        884   startup_stm32f427xx.o
      1566         16          0          0          0       6322   stm32f4xx_can.o
       672         54          0          0          0       7927   stm32f4xx_dma.o
       184         16          0          0          0       2040   stm32f4xx_exti.o
       230          0          0          0          0       3365   stm32f4xx_gpio.o
        20          0          0          0          0     324893   stm32f4xx_it.o
       392         48          0         16          0       5757   stm32f4xx_rcc.o
        64          4          0          0          0        644   stm32f4xx_syscfg.o
       728         56          0          0          0       9688   stm32f4xx_tim.o
       744         42          0          0          0       7855   stm32f4xx_usart.o
       392         32          0         20          0       1821   system_stm32f4xx.o
        72         24          0          2          0       2903   trigger_switch.o
       282         16          0          0          0       2529   uart8.o
       336         12          0          0          0       1350   usart6.o
       440          8          0          0          0       5419   user_lib.o

    ----------------------------------------------------------------------
     23440       1786       1324        300       7464     530101   Object Totals
         0          0         32          0          0          0   (incl. Generated)
        40          0          2          9          4          0   (incl. Padding)

    ----------------------------------------------------------------------

      Code (inc. data)   RO Data    RW Data    ZI Data      Debug   Library Member Name

         0          0       2052          0          0       4636   arm_common_tables.o
       120         12          0          0          0      16970   arm_cos_f32.o
       116         12          0          0          0        658   arm_sin_f32.o
        90          0          0          0          0          0   __dczerorl2.o
         8          0          0          0          0         68   __main.o
         0          0          0          0          0          0   __rtentry.o
        12          0          0          0          0          0   __rtentry2.o
         6          0          0          0          0          0   __rtentry4.o
        52          8          0          0          0          0   __scatter.o
        28          0          0          0          0          0   __scatter_zi.o
        48          4          0          0          0         84   _fptrap.o
        10          0          0          0          0         68   defsig_exit.o
       172        110          0          0          0         76   defsig_fpe_inner.o
        14          0          0          0          0         80   defsig_fpe_outer.o
        50          0          0          0          0         88   defsig_general.o
        18          0          0          0          0         80   exit.o
         6          0          0          0          0        152   heapauxi.o
         0          0          0          0          0          0   indicate_semi.o
         2          0          0          0          0          0   libinit.o
         6          0          0          0          0          0   libinit2.o
         2          0          0          0          0          0   libshutdown.o
         2          0          0          0          0          0   libshutdown2.o
         8          4          0          0         96         68   libspace.o
        68          0          0          0          0         68   rt_memclr.o
        78          0          0          0          0         80   rt_memclr_w.o
       138          0          0          0          0         68   rt_memcpy_v6.o
       100          0          0          0          0         80   rt_memcpy_w.o
         2          0          0          0          0          0   rtexit.o
        10          0          0          0          0          0   rtexit2.o
        12          4          0          0          0         68   sys_exit.o
        74          0          0          0          0         80   sys_stackheap_outer.o
        14          0          0          0          0         76   sys_wrch.o
         2          0          0          0          0         68   use_no_semi.o
       708         16          0          0          0        140   d2f_clz.o
      1256         28          0          0          0        408   daddsub_clz.o
        24          0          0          0          0        116   dcmpi.o
        26          0          0          0          0        116   dflt_clz.o
       120          8          0          0          0        140   dleqf.o
       258          4          0          0          0        156   dnaninf.o
       112          0          0          0          0        160   drenorm_clz.o
        12          0          0          0          0        116   dretinf.o
        98          0          0          0          0        128   drleqf.o
       378          0          0          0          0        168   dunder_clz.o
       492         36          0          0          0        148   except.o
       122          8          0          0          0        132   f2d.o
       242          4          0          0          0        144   fnaninf.o
        10          0          0          0          0        116   fpinit.o
        10          0          0          0          0        116   fretinf.o
       316          0          0          0          0        132   funder_clz.o
       178          0          0          0          0        116   retnan.o
       126          0          0          0          0        148   trapv.o
         0          0          0          0          0          0   usenofp.o
        20          0          0          0          0        124   fabs.o

    ----------------------------------------------------------------------
      5792        258       2052          0        100      26440   Library Totals
        16          0          0          0          4          0   (incl. Padding)

    ----------------------------------------------------------------------

      Code (inc. data)   RO Data    RW Data    ZI Data      Debug   Library Name

       236         24       2052          0          0      22264   arm_cortexM4lf_math.lib
      1032        130          0          0         96       1352   c_w.l
      4488        104          0          0          0       2700   g_wm.l
        20          0          0          0          0        124   m_wm.l

    ----------------------------------------------------------------------
      5792        258       2052          0        100      26440   Library Totals

    ----------------------------------------------------------------------

==============================================================================


      Code (inc. data)   RO Data    RW Data    ZI Data      Debug   

     29232       2044       3376        300       7564     532065   Grand Totals
     29232       2044       3376         80       7564     532065   ELF Image Totals (compressed)
     29232       2044       3376         80          0          0   ROM Totals

==============================================================================

    Total RO  Size (Code + RO Data)                32608 (  31.84kB)
    Total RW  Size (RW Data + ZI Data)              7864 (   7.68kB)
    Total ROM Size (Code + RO Data + RW Data)      32688 (  31.92kB)

==============================================================================

